   =  data/case-studies/classical-processes/cp.cfg#str_step'
        OFF STUCK:step-bound 310ck   ON STUCK:step-bound 309ck   (-0%)
   =  data/case-studies/harmony-lemma-formalization/all.cfg#red_impl_red_rew_par
        OFF STUCK:no-move 54ck   ON STUCK:no-move 34ck   (-37%)
   =  data/examples/compile/cls/test.cfg#cev_complete
        OFF STUCK:no-move 17ck   ON STUCK:no-move 17ck   (0%)
   =  data/examples/poplmark-reloaded/sources.cfg#mstep_appl
        OFF COMPLETE 67ck   ON COMPLETE 64ck   (-4%)
   =  data/examples/poplmark-reloaded+/sources.cfg#mstep_abs
        OFF STUCK:no-move 210ck   ON STUCK:no-move 207ck   (-1%)
   =  data/examples/poplmark-reloaded+/sources.cfg#fundVar
        OFF STUCK:no-move 13ck   ON STUCK:no-move 13ck   (0%)
   =  data/examples/cpp13/cc.bel#extend
        OFF STUCK:no-move 8ck   ON STUCK:no-move 8ck   (0%)
   =  data/examples/cpp13/cchoist.bel#hcc
        OFF STUCK:no-totality-measure 98ck   ON STUCK:no-totality-measure 98ck   (0%)
   =  data/examples/equal/eq-proof-1.bel#ceq
        OFF STUCK:no-move 25ck   ON STUCK:no-move 25ck   (0%)
   =  data/examples/literate_beluga/0Beginner/Parallel_Reduction.bel#tps
        OFF STUCK:no-totality-measure 229ck   ON STUCK:no-totality-measure 224ck   (-2%)
   =  data/examples/literate_beluga/0Beginner/Untyped_Algorithmic_Equality_-_Context_Subsumption.bel#ceq
        OFF STUCK:no-totality-measure 15ck   ON STUCK:no-totality-measure 15ck   (0%)
   =  data/examples/logrel/algeq-simplified.bel#trans1'
        OFF STUCK:step-bound 391ck   ON STUCK:step-bound 360ck   (-8%)
   =  data/examples/logrel/algeq-typing.bel#algEqRTrans
        OFF STUCK:step-bound 497ck   ON STUCK:step-bound 497ck   (0%)
   =  data/examples/logrel/weak-norm-total-products-explicit-typing.bel#weakNorm
        OFF STUCK:search-bound 13ck   ON STUCK:search-bound 9ck   (-31%)
   =  data/examples/logrel/weak-norm-under-binders-beta-only.bel#monotone
        OFF STUCK:step-bound 199ck   ON STUCK:step-bound 199ck   (0%)
   =  data/examples/logrel/weak-norm-under-binders.bel#extVarSub
        OFF STUCK:no-move 6ck   ON STUCK:no-move 6ck   (0%)
   =  data/examples/mini-ml/tps.bel#tps
        OFF STUCK:step-bound 740ck   ON STUCK:step-bound 713ck   (-4%)
   =  data/examples/popl12/nbe.bel#weaken
        OFF STUCK:step-bound 198ck   ON STUCK:step-bound 198ck   (0%)
   =  data/examples/popl12/normeval-subst.bel#initialMap
        OFF STUCK:no-totality-measure 5ck   ON STUCK:no-totality-measure 5ck   (0%)
   =  data/examples/popl12/normeval.bel#nbe
        OFF STUCK:no-totality-measure 277ck   ON STUCK:no-totality-measure 277ck   (0%)

=== NO_LFSCOPE: 20 targets ===
gained 0   lost 0
checks OFF 3372  ON 3278   delta -2.8%
