 +++  data/examples/poplmark-reloaded/sources.cfg#mstep_appl
        OFF STUCK:no-move (126ck 19.8s)   ON COMPLETE (67ck 10.1s)
   =  data/examples/poplmark-reloaded/sources.cfg#mstep_abs
        OFF STUCK:no-move (115ck 16.6s)   ON STUCK:no-move (234ck 29.5s)
 +++  data/examples/poplmark-reloaded+/sources.cfg#mstep_appl
        OFF STUCK:no-move (136ck 31.2s)   ON COMPLETE (67ck 17.8s)
 +++  data/examples/poplmark-reloaded+/sources.cfg#mstep_inl
        OFF STUCK:no-move (193ck 49.4s)   ON COMPLETE (67ck 23.1s)
   =  data/examples/poplmark-reloaded+/sources.cfg#mstep_match
        OFF STUCK:no-move (233ck 54.5s)   ON STUCK:no-move (245ck 52s)
   =  data/examples/poplmark-reloaded+/sources.cfg#subst_mred
        OFF STUCK:no-totality-measure (34ck 9.3s)   ON STUCK:no-totality-measure (34ck 8.3s)
   =  data/examples/tapl/ch3+arith/sources.cfg#small_to_big
        OFF STUCK:step-bound (509ck 154.2s)   ON STUCK:step-bound (691ck 123.9s)
   =  data/examples/logrel/algeq-simplified1.bel#reflect
        OFF STUCK:no-move (21ck 2.9s)   ON STUCK:no-move (27ck 3.2s)
   =  data/examples/logrel/algeq-typing.bel#main
        OFF STUCK:no-totality-measure (157ck 43.7s)   ON STUCK:no-totality-measure (177ck 52.4s)
   =  data/examples/logrel/weak-norm-total-products.bel#pair_halts
        OFF STUCK:step-bound (403ck 49.6s)   ON STUCK:step-bound (403ck 44.9s)
 +++  data/examples/mini-ml/vsound-explicit.bel#vs
        OFF STUCK:no-move (21ck 1.5s)   ON COMPLETE (17ck 0.8s)
