  [1/207] data/case-studies/harmony-lemma-formalization/all.cfg#bs_in_rew
  [2/207] data/case-studies/harmony-lemma-formalization/all.cfg#fstep_impl_red
  [3/207] data/case-studies/harmony-lemma-formalization/all.cfg#fs_out_rew
  [4/207] data/case-studies/harmony-lemma-formalization/all.cfg#strengthen_fstep
  [5/207] data/case-studies/harmony-lemma-formalization/all.cfg#red_impl_red_rew_res
  [6/207] data/examples/bigstep-deterministic/sources.cfg#eval_respects_eq
  [7/207] data/case-studies/harmony-lemma-formalization/all.cfg#bs_out_rew
  [8/207] data/examples/bigstep-deterministic/sources.cfg#subst_respects_eq
  [9/207] data/examples/church-rosser/test.cfg#best_step
  [10/207] data/examples/church-rosser/test.cfg#eq2
  [11/207] data/case-studies/harmony-lemma-formalization/all.cfg#red_impl_red_rew
  [12/207] data/examples/church-rosser/test-crec-cover.cfg#dia
  [13/207] data/examples/church-rosser/test-crec-cover.cfg#eq2
  [14/207] data/examples/compile/cls/test.cfg#cev_complete
  [15/207] data/examples/compile/cls/test.cfg#subcomp
  [16/207] data/examples/compile/cpm/test.cfg#ceval_complete
  [17/207] data/examples/lincx_mechanization/lincx.cfg#unrest_exist
  [18/207] data/examples/compile/cpm/test.cfg#csd
  [19/207] data/examples/lincx_mechanization/lincx.cfg#helper1_6a
  [20/207] data/examples/lincx_mechanization/lincx.cfg#helper1_6b
  [21/207] data/examples/lincx_mechanization/lincx.cfg#ctxjoincomm
  [22/207] data/examples/lincx_mechanization/lincx.cfg#lemma1_2a
  [23/207] data/examples/poplmark-reloaded/sources.cfg#varSn
  [24/207] data/examples/poplmark-reloaded/sources.cfg#subst_mred
  [25/207] data/examples/poplmark-reloaded/sources.cfg#neutralSNe
  [26/207] data/examples/poplmark-reloaded/sources.cfg#anti_renameSNe
  [27/207] data/examples/poplmark-reloaded/sources.cfg#red_var
  [28/207] data/examples/lincx_mechanization/lincx.cfg#transfer
  [29/207] data/examples/poplmark-reloaded/sources.cfg#fundVar
  [30/207] data/examples/lincx_mechanization/lincx.cfg#subst_split_h2
  [31/207] data/examples/poplmark-reloaded/sources.cfg#id_red
  [32/207] data/examples/poplmark-reloaded/sources.cfg#fundamental_lemma
  [33/207] data/examples/poplmark-reloaded/sources.cfg#soundSN
  [34/207] data/examples/poplmark-reloaded/sources.cfg#norm
  [35/207] data/examples/poplmark-reloaded+/sources.cfg#varSn
  [36/207] data/examples/poplmark-reloaded+/sources.cfg#subst_mred
  [37/207] data/examples/poplmark-reloaded+/sources.cfg#neutralSNe
  [38/207] data/examples/poplmark-reloaded+/sources.cfg#case_snb
  [39/207] data/examples/poplmark-reloaded+/sources.cfg#case_snc
  [40/207] data/examples/poplmark-reloaded+/sources.cfg#anti_renameSNe
  [41/207] data/examples/poplmark-reloaded+/sources.cfg#red_var
  [42/207] data/examples/poplmark-reloaded+/sources.cfg#fundamental_lemma
  [43/207] data/examples/poplmark-reloaded+/sources.cfg#fundVar
  [44/207] data/examples/poplmark-reloaded+/sources.cfg#id_red
  [45/207] data/examples/tapl/ch3/sources.cfg#terminate
  [46/207] data/examples/poplmark-reloaded+/sources.cfg#norm
  [47/207] data/examples/tapl/ch3+arith/sources.cfg#terminate
  [48/207] data/examples/poplmark-reloaded+/sources.cfg#rename_red
  [49/207] data/examples/tapl/ch3+arith+leq/sources.cfg#det
  [50/207] data/examples/poplmark-reloaded+/sources.cfg#soundSN
  [51/207] data/examples/tapl/ch3+arith+leq/sources.cfg#mstep_leq_v
  [52/207] data/examples/codatatypes/howes-method/howe-total.bel#howe_subst_refl
  [53/207] data/examples/tapl/ch3+arith+leq/sources.cfg#terminate
  [54/207] data/examples/tapl/ch3+arith/sources.cfg#det
  [55/207] data/examples/codatatypes/howes-method/howe.bel#howe_subst_refl
  [56/207] data/examples/cpp13/cc.bel#str
  [57/207] data/examples/cpp13/cc.bel#strengthen
  [58/207] data/examples/cpp13/cc.bel#extend
  [59/207] data/examples/codatatypes/howes-method/howe-total.bel#howe_ev_abs
  [60/207] data/examples/cpp13/cc.bel#lookup
  [61/207] data/examples/cpp13/cc.bel#reify
  [62/207] data/examples/codatatypes/howes-method/howe.bel#howe_ev_abs
  [63/207] data/examples/cpp13/cc.bel#extendEnv
  [64/207] data/examples/cpp13/cchoist.bel#str
  [65/207] data/examples/cpp13/cchoist.bel#strengthen
  [66/207] data/examples/cpp13/cc.bel#cc
  [67/207] data/examples/cpp13/cchoist.bel#extend
  [68/207] data/examples/cpp13/cchoist.bel#weaken
  [69/207] data/examples/cpp13/cchoist.bel#reify
  [70/207] data/examples/cpp13/cchoist.bel#lookup
  [71/207] data/examples/cpp13/cchoist.bel#extendEnv
  [72/207] data/examples/cpp13/cchoist.bel#append
  [73/207] data/examples/cpp13/cps.bel#cpse
  [74/207] data/examples/cpp13/cchoist.bel#append_nil
  [75/207] data/examples/equal/alg-equal-ctxrel.bel#ref'
  [76/207] data/examples/cpp13/cchoist.bel#hoist_cc
  [77/207] data/examples/equal/alg-equal-ctxrel.bel#exTRelV'
  [78/207] data/examples/equal/alg-equal-datatypes-adeq.bel#atrans_s
  [79/207] data/examples/equal/alg-equal-ctxrel.bel#exTRelV
  [80/207] data/examples/equal/eq-proof-2.bel#ceq
  [81/207] data/examples/equal/eq-proof-1.bel#ceq
  [82/207] data/examples/equal/eq-proof-crec.bel#ceq
  [83/207] data/examples/equal/eq-proof-full-crec.bel#ceq
  [84/207] data/examples/fol/fol-handbook.bel#ded
  [85/207] data/examples/fol/fol-handbook.bel#ndhil
  [86/207] data/examples/freshML/conv-untyped.bel#conv
  [87/207] data/examples/freshML/cps-popl-tutorial1.bel#cps
  [88/207] data/examples/freshML/cps-popl-tutorial2-crec.bel#cps
  [89/207] data/examples/freshML/cps-popl-tutorial2.bel#cps
  [90/207] data/examples/higher-order/jpath.bel#fwd
  [91/207] data/examples/freshML/debruijn-1.bel#db2vhoas
  [92/207] data/examples/higher-order/jpath.bel#bwd
  [93/207] data/examples/literate_beluga/0Beginner/Close_Terms.bel#close1
  [94/207] data/examples/literate_beluga/0Beginner/From_HOAS_to_DeBruijn.bel#translate
  [95/207] data/examples/literate_beluga/0Beginner/From_HOAS_to_DeBruijn.bel#db
  [96/207] data/examples/literate_beluga/0Beginner/Polymorphic_Algorithmic_Equality.bel#ctp
  [97/207] data/examples/literate_beluga/0Beginner/Polymorphic_Algorithmic_Equality.bel#ceq
  [98/207] data/examples/literate_beluga/0Beginner/Untyped_Algorithmic_Equality_-_Context_Relation.bel#ctx_membership
  [99/207] data/examples/literate_beluga/0Beginner/Untyped_Algorithmic_Equality_-_Context_Relation.bel#existsEqV'
  [100/207] data/examples/literate_beluga/0Beginner/Untyped_Algorithmic_Equality_-_Context_Relation.bel#existsEqV
  [101/207] data/examples/literate_beluga/0Beginner/Untyped_Algorithmic_Equality_-_Context_Subsumption.bel#ceq
  [102/207] data/examples/literate_beluga/0Beginner/Untyped_Algorithmic_Equality_-_Context_Relation.bel#existsEq'
  [103/207] data/examples/literate_beluga/2Advanced/Normalization_by_Evaluation.bel#sem_wkn
  [104/207] data/examples/literate_beluga/2Advanced/Normalization_by_Evaluation.bel#env_wkn
  [105/207] data/examples/literate_beluga/2Advanced/Normalization_by_Evaluation.bel#env_ext
  [106/207] data/examples/literate_beluga/2Advanced/Normalization_by_Evaluation.bel#reflect
  [107/207] data/examples/literate_beluga/0Beginner/Untyped_Algorithmic_Equality_-_Context_Relation.bel#existsEq
  [108/207] data/examples/literate_beluga/2Advanced/Normalization_by_Evaluation.bel#emp_env
  [109/207] data/examples/literate_beluga/2Advanced/Normalization_by_Evaluation.bel#eval
  [110/207] data/examples/literate_beluga/2Advanced/Weak_Normalization.bel#lookup
  [111/207] data/examples/literate_beluga/2Advanced/Weak_Normalization.bel#bwd_closed
  [112/207] data/examples/literate_beluga/2Advanced/Weak_Normalization.bel#weakNorm
  [113/207] data/examples/logrel/algeq-simplified.bel#reflect
  [114/207] data/examples/logrel/algeq-simplified.bel#logEq_Monotone
  [115/207] data/examples/literate_beluga/2Advanced/Weak_Normalization.bel#main
  [116/207] data/examples/logrel/algeq-simplified1.bel#reflect
  [117/207] data/examples/logrel/algeq-simplified1.bel#logEq_Monotone
  [118/207] data/examples/logrel/algeq-typing.bel#lookup
  [119/207] data/examples/logrel/algeq-typing.bel#reflect
  [120/207] data/examples/logrel/algeq-typing.bel#logEq_Monotone
  [121/207] data/examples/codatatypes/howes-method/howe-total.bel#ev_det
  [122/207] data/examples/logrel/weak-norm-closed-ideal.bel#lookup
  [123/207] data/examples/logrel/weak-norm-total-mix-lf-inductive.bel#lookup
  [124/207] data/examples/logrel/weak-norm-closed-ideal.bel#weakNorm
  [125/207] data/examples/logrel/weak-norm-total-mix-lf-inductive.bel#weakNorm
  [126/207] data/examples/logrel/weak-norm-total-products-explicit-typing.bel#bwd_closed
  [127/207] data/examples/logrel/algeq-typing.bel#thm'
  [128/207] data/examples/logrel/weak-norm-total-products-explicit-typing.bel#weakNorm
  [129/207] data/examples/logrel/weak-norm-total-products.bel#lookup
  [130/207] data/examples/logrel/weak-norm-total-products.bel#weakNorm
  [131/207] data/examples/logrel/algeq-typing.bel#idLogSub
  [132/207] data/examples/logrel/weak-norm-total-products.bel#pair_mstep1
  [133/207] data/examples/logrel/weak-norm-total.bel#lookup
  [134/207] data/examples/logrel/weak-norm-total.bel#bwd_closed
  [135/207] data/examples/logrel/weak-norm-total.bel#weakNorm
  [136/207] data/examples/logrel/weak-norm-under-binders-beta-only.bel#redVar
  [137/207] data/examples/logrel/weak-norm-under-binders-beta-only.bel#m_lam
  [138/207] data/examples/logrel/weak-norm-under-binders-simplified.bel#redVar
  [139/207] data/examples/logrel/weak-norm-under-binders.bel#wknVar
  [140/207] data/examples/logrel/weak-norm-under-binders-beta-only.bel#weakNorm
  [141/207] data/examples/logrel/weak-norm-under-binders.bel#wknVarSub
  [142/207] data/examples/logrel/weak-norm-under-binders.bel#idIsVarSub
  [143/207] data/examples/logrel/weak-norm-under-binders-simplified.bel#weakNorm
  [144/207] data/examples/logrel/weak-norm-under-binders.bel#shiftIsVarSub
  [145/207] data/examples/logrel/weak-norm-under-binders.bel#extVarSub
  [146/207] data/examples/logrel/weak-norm-under-binders.bel#idRedSub
  [147/207] data/examples/logrel/weak-norm-under-binders.bel#reflect
  [148/207] data/examples/logrel/weak-norm-under-binders.bel#rwkn
  [149/207] data/examples/logrel/weak-norm-under-binders.bel#redVar
  [150/207] data/examples/logrel/weak-norm.bel#lookup
  [151/207] data/examples/logrel/weak-norm.bel#bwd_closed
  [152/207] data/examples/mini-ml/clos-eval.bel#eval
  [153/207] data/examples/logrel/weak-norm.bel#weakNorm
  [154/207] data/examples/mini-ml/vsound-explicit.bel#vs
  [155/207] data/examples/path/bred-nf.bel#bred_ltr
  [156/207] data/examples/logrel/weak-norm-under-binders.bel#weakNorm
  [157/207] data/examples/path/bred-nf.bel#bred_rtl
  [158/207] data/examples/polylam/normal.bel#normal2exp
  [159/207] data/examples/path/bred-nf.bel#path_exists
  [160/207] data/examples/polylam/normal.bel#norm
  [161/207] data/examples/popl12/clos-eval.bel#eval
  [162/207] data/examples/popl12/nbe-sub.bel#extend
  [163/207] data/examples/path/bred-nf.bel#tm_same
  [164/207] data/examples/popl12/nbe-sub.bel#weaken
  [165/207] data/examples/popl12/nbe-sub.bel#initialMap
  [166/207] data/examples/popl12/nbe-sub.bel#reflect
  [167/207] data/examples/popl12/nbe-sub.bel#eval
  [168/207] data/examples/logrel/weak-norm.bel#main
  [169/207] data/examples/popl12/nbe.bel#reflect
  [170/207] data/examples/popl12/nbe.bel#extend
  [171/207] data/examples/popl12/nbe.bel#eval
  [172/207] data/examples/popl12/nbe.bel#initialMap
  [173/207] data/examples/popl12/normeval-abbrev.bel#extendSub
  [174/207] data/examples/popl12/normeval-abbrev.bel#nsubst
  [175/207] data/examples/popl12/normeval-abbrev.bel#weaken
  [176/207] data/examples/popl12/normeval-abbrev.bel#subst
  [177/207] data/examples/popl12/normeval-abbrev.bel#reflect
  [178/207] data/examples/popl12/normeval-abbrev.bel#extend
  [179/207] data/examples/popl12/normeval-abbrev.bel#initialMap
  [180/207] data/examples/popl12/normeval-abbrev.bel#eval
  [181/207] data/examples/popl12/normeval-subst.bel#subst
  [182/207] data/examples/popl12/normeval-subst.bel#extend
  [183/207] data/examples/popl12/normeval-subst.bel#reflect
  [184/207] data/examples/popl12/normeval-subst.bel#initialMap
  [185/207] data/examples/popl12/normeval-total.bel#extendSub
  [186/207] data/examples/popl12/normeval-subst.bel#eval
  [187/207] data/examples/popl12/normeval-total.bel#nsubst
  [188/207] data/examples/popl12/normeval-total.bel#weaken
  [189/207] data/examples/popl12/normeval-total.bel#subst
  [190/207] data/examples/popl12/normeval-total.bel#extend
  [191/207] data/examples/popl12/normeval-total.bel#initialMap
  [192/207] data/examples/popl12/normeval-total.bel#eval
  [193/207] data/examples/popl12/normeval.bel#extendSub
  [194/207] data/examples/popl12/normeval-total.bel#reflect
  [195/207] data/examples/popl12/normeval.bel#nsubst
  [196/207] data/examples/popl12/normeval.bel#weaken
  [197/207] data/examples/popl12/normeval.bel#subst
  [198/207] data/examples/popl12/normeval.bel#extend
  [199/207] data/examples/popl12/normeval.bel#reflect
  [200/207] data/examples/popl12/normeval.bel#initialMap
  [201/207] data/examples/popl12/normeval.bel#eval
  [202/207] data/examples/small-step/subject-red.bel#tps'
  [203/207] data/examples/poplmark/poplmark.bel#refl
  [204/207] data/examples/poplmark/pearl.bel#sound
  [205/207] data/examples/small-step/system-f-iso.bel#progress
  [206/207] data/examples/small-step/system-f.bel#progress
  [207/207] data/examples/typed-compilation/debruijn.bel#db2vhoas
