  [1/207] data/case-studies/harmony-lemma-formalization/all.cfg#bs_in_rew STUCK:no-move deepest=ZERO-CAND zc=1/3
  [2/207] data/case-studies/harmony-lemma-formalization/all.cfg#fstep_impl_red STUCK:no-move deepest=MIXED zc=0/2
  [3/207] data/case-studies/harmony-lemma-formalization/all.cfg#fs_out_rew STUCK:no-move deepest=ALL-REJECT zc=0/4
  [4/207] data/case-studies/harmony-lemma-formalization/all.cfg#strengthen_fstep STUCK:no-move deepest=ALL-REJECT zc=0/2
  [5/207] data/case-studies/harmony-lemma-formalization/all.cfg#red_impl_red_rew_res STUCK:no-move deepest=MIXED zc=0/3
  [6/207] data/examples/bigstep-deterministic/sources.cfg#eval_respects_eq STUCK:no-move deepest=MIXED zc=0/2
  [7/207] data/case-studies/harmony-lemma-formalization/all.cfg#bs_out_rew STUCK:no-move deepest=MIXED zc=0/5
  [8/207] data/examples/bigstep-deterministic/sources.cfg#subst_respects_eq STUCK:no-totality-measure deepest=MIXED zc=0/1
  [9/207] data/examples/church-rosser/test.cfg#best_step STUCK:no-move deepest=ALL-REJECT zc=0/2
  [10/207] data/examples/church-rosser/test.cfg#eq2 STUCK:no-move deepest=ALL-REJECT zc=0/3
  [11/207] data/case-studies/harmony-lemma-formalization/all.cfg#red_impl_red_rew STUCK:no-move deepest=ALL-REJECT zc=0/3
  [12/207] data/examples/church-rosser/test-crec-cover.cfg#dia STUCK:no-totality-measure deepest=MIXED zc=0/1
  [13/207] data/examples/compile/cls/test.cfg#cev_complete STUCK:no-move deepest=MIXED zc=0/4
  [14/207] data/examples/church-rosser/test-crec-cover.cfg#eq2 STUCK:no-totality-measure deepest=ZERO-CAND zc=1/1
  [15/207] data/examples/compile/cls/test.cfg#subcomp STUCK:no-move deepest=ALL-REJECT zc=0/4
  [16/207] data/examples/compile/cpm/test.cfg#ceval_complete STUCK:no-move deepest=ALL-GUARD zc=0/4
  [17/207] data/examples/lincx_mechanization/lincx.cfg#unrest_exist STUCK:no-totality-measure deepest=ALL-REJECT zc=0/1
  [18/207] data/examples/compile/cpm/test.cfg#csd STUCK:no-totality-measure deepest=ALL-GUARD zc=0/1
  [19/207] data/examples/lincx_mechanization/lincx.cfg#helper1_6a STUCK:no-totality-measure deepest=ALL-REJECT zc=0/1
  [20/207] data/examples/lincx_mechanization/lincx.cfg#helper1_6b STUCK:no-totality-measure deepest=ALL-REJECT zc=0/1
  [21/207] data/examples/lincx_mechanization/lincx.cfg#ctxjoincomm STUCK:no-totality-measure deepest=MIXED zc=0/1
  [22/207] data/examples/lincx_mechanization/lincx.cfg#lemma1_2a STUCK:no-totality-measure deepest=MIXED zc=0/1
  [23/207] data/examples/poplmark-reloaded/sources.cfg#varSn STUCK:no-move deepest=ALL-REJECT zc=0/3
  [24/207] data/examples/poplmark-reloaded/sources.cfg#subst_mred STUCK:no-totality-measure deepest=ALL-REJECT zc=0/1
  [25/207] data/examples/poplmark-reloaded/sources.cfg#neutralSNe STUCK:no-move deepest=MIXED zc=0/2
  [26/207] data/examples/poplmark-reloaded/sources.cfg#anti_renameSNe STUCK:no-move deepest=ALL-REJECT zc=0/2
  [27/207] data/examples/poplmark-reloaded/sources.cfg#red_var STUCK:no-move deepest=MIXED zc=0/2
  [28/207] data/examples/lincx_mechanization/lincx.cfg#transfer STUCK:no-totality-measure deepest=ALL-REJECT zc=0/1
  [29/207] data/examples/lincx_mechanization/lincx.cfg#subst_split_h2 STUCK:no-totality-measure deepest=ALL-REJECT zc=0/1
  [30/207] data/examples/poplmark-reloaded/sources.cfg#fundVar STUCK:no-move deepest=MIXED zc=0/3
  [31/207] data/examples/poplmark-reloaded/sources.cfg#fundamental_lemma STUCK:no-move deepest=MIXED zc=0/3
  [32/207] data/examples/poplmark-reloaded/sources.cfg#id_red STUCK:no-move deepest=MIXED zc=0/2
  [33/207] data/examples/poplmark-reloaded/sources.cfg#soundSN STUCK:no-move deepest=MIXED zc=0/5
  [34/207] data/examples/poplmark-reloaded/sources.cfg#norm STUCK:no-move deepest=MIXED zc=0/4
  [35/207] data/examples/poplmark-reloaded+/sources.cfg#varSn STUCK:no-move deepest=ALL-REJECT zc=0/3
  [36/207] data/examples/poplmark-reloaded+/sources.cfg#subst_mred STUCK:no-totality-measure deepest=ALL-REJECT zc=0/1
  [37/207] data/examples/poplmark-reloaded+/sources.cfg#neutralSNe STUCK:no-move deepest=MIXED zc=0/2
  [38/207] data/examples/poplmark-reloaded+/sources.cfg#case_snb STUCK:no-move deepest=MIXED zc=0/3
  [39/207] data/examples/poplmark-reloaded+/sources.cfg#case_snc STUCK:no-move deepest=MIXED zc=0/3
  [40/207] data/examples/poplmark-reloaded+/sources.cfg#anti_renameSNe STUCK:no-totality-measure deepest=ALL-REJECT zc=0/1
  [41/207] data/examples/poplmark-reloaded+/sources.cfg#red_var STUCK:no-move deepest=MIXED zc=0/2
  [42/207] data/examples/poplmark-reloaded+/sources.cfg#fundamental_lemma STUCK:no-totality-measure deepest=MIXED zc=0/1
  [43/207] data/examples/poplmark-reloaded+/sources.cfg#fundVar STUCK:no-move deepest=MIXED zc=0/3
  [44/207] data/examples/poplmark-reloaded+/sources.cfg#id_red STUCK:no-move deepest=MIXED zc=0/2
  [45/207] data/examples/tapl/ch3/sources.cfg#terminate STUCK:no-move deepest=ZERO-CAND zc=1/3
  [46/207] data/examples/poplmark-reloaded+/sources.cfg#norm STUCK:no-move deepest=MIXED zc=0/2
  [47/207] data/examples/tapl/ch3+arith/sources.cfg#terminate STUCK:no-move deepest=ALL-GUARD zc=0/4
  [48/207] data/examples/poplmark-reloaded+/sources.cfg#rename_red STUCK:no-totality-measure deepest=MIXED zc=0/1
  [49/207] data/examples/tapl/ch3+arith+leq/sources.cfg#det STUCK:no-totality-measure deepest=MIXED zc=0/1
  [50/207] data/examples/poplmark-reloaded+/sources.cfg#soundSN STUCK:no-move deepest=MIXED zc=0/5
  [51/207] data/examples/tapl/ch3+arith+leq/sources.cfg#mstep_leq_v STUCK:no-move deepest=ALL-GUARD zc=0/4
  [52/207] data/examples/tapl/ch3+arith+leq/sources.cfg#terminate STUCK:no-move deepest=ZERO-CAND zc=1/3
  [53/207] data/examples/codatatypes/howes-method/howe-total.bel#howe_subst_refl STUCK:no-move deepest=MIXED zc=0/2
  [54/207] data/examples/tapl/ch3+arith/sources.cfg#det STUCK:no-totality-measure deepest=MIXED zc=0/1
  [55/207] data/examples/codatatypes/howes-method/howe.bel#howe_subst_refl STUCK:no-move deepest=MIXED zc=0/2
  [56/207] data/examples/cpp13/cc.bel#str STUCK:no-move deepest=MIXED zc=0/3
  [57/207] data/examples/cpp13/cc.bel#strengthen STUCK:no-move deepest=MIXED zc=0/3
  [58/207] data/examples/cpp13/cc.bel#extend STUCK:no-move deepest=ALL-REJECT zc=0/4
  [59/207] data/examples/codatatypes/howes-method/howe-total.bel#howe_ev_abs STUCK:no-move deepest=ALL-REJECT zc=0/6
  [60/207] data/examples/cpp13/cc.bel#lookup STUCK:no-move deepest=MIXED zc=0/4
  [61/207] data/examples/cpp13/cc.bel#reify STUCK:no-move deepest=ZERO-CAND zc=1/2
  [62/207] data/examples/codatatypes/howes-method/howe.bel#howe_ev_abs STUCK:step-bound deepest=ALL-GUARD zc=0/11
  [63/207] data/examples/cpp13/cc.bel#extendEnv STUCK:no-move deepest=ALL-REJECT zc=0/9
  [64/207] data/examples/cpp13/cchoist.bel#str STUCK:no-move deepest=MIXED zc=0/3
  [65/207] data/examples/cpp13/cchoist.bel#strengthen STUCK:no-move deepest=MIXED zc=0/3
  [66/207] data/examples/cpp13/cc.bel#cc STUCK:no-totality-measure deepest=MIXED zc=0/1
  [67/207] data/examples/cpp13/cchoist.bel#extend STUCK:no-move deepest=ALL-REJECT zc=0/4
  [68/207] data/examples/cpp13/cchoist.bel#weaken STUCK:no-move deepest=ALL-REJECT zc=0/9
  [69/207] data/examples/cpp13/cchoist.bel#extendEnv STUCK:no-move deepest=ALL-REJECT zc=0/9
  [70/207] data/examples/cpp13/cchoist.bel#reify STUCK:no-move deepest=ZERO-CAND zc=1/2
  [71/207] data/examples/cpp13/cchoist.bel#lookup STUCK:no-move deepest=MIXED zc=0/4
  [72/207] data/examples/cpp13/cchoist.bel#append STUCK:no-totality-measure deepest=ZERO-CAND zc=1/1
  [73/207] data/examples/cpp13/cps.bel#cpse STUCK:no-move deepest=MIXED zc=0/3
  [74/207] data/examples/cpp13/cchoist.bel#append_nil STUCK:step-bound deepest=MIXED zc=0/12
  [75/207] data/examples/equal/alg-equal-ctxrel.bel#ref' STUCK:no-move deepest=ALL-GUARD zc=0/4
  [76/207] data/examples/cpp13/cchoist.bel#hoist_cc STUCK:no-totality-measure deepest=MIXED zc=0/1
  [77/207] data/examples/equal/alg-equal-datatypes-adeq.bel#atrans_s STUCK:no-move deepest=MIXED zc=0/3
  [78/207] data/examples/equal/alg-equal-ctxrel.bel#exTRelV' STUCK:no-move deepest=MIXED zc=0/4
  [79/207] data/examples/equal/alg-equal-ctxrel.bel#exTRelV STUCK:no-move deepest=ALL-REJECT zc=0/7
  [80/207] data/examples/equal/eq-proof-2.bel#ceq STUCK:no-move deepest=MIXED zc=0/5
  [81/207] data/examples/equal/eq-proof-1.bel#ceq STUCK:no-move deepest=MIXED zc=0/8
  [82/207] data/examples/equal/eq-proof-crec.bel#ceq STUCK:no-move deepest=MIXED zc=0/5
  [83/207] data/examples/fol/fol-handbook.bel#ded STUCK:no-move deepest=MIXED zc=0/3
  [84/207] data/examples/equal/eq-proof-full-crec.bel#ceq STUCK:no-move deepest=MIXED zc=0/8
  [85/207] data/examples/fol/fol-handbook.bel#ndhil STUCK:no-move deepest=MIXED zc=0/3
  [86/207] data/examples/freshML/conv-untyped.bel#conv STUCK:no-totality-measure deepest=MIXED zc=0/1
  [87/207] data/examples/freshML/cps-popl-tutorial1.bel#cps STUCK:no-move deepest=MIXED zc=0/3
  [88/207] data/examples/freshML/cps-popl-tutorial2-crec.bel#cps STUCK:no-move deepest=MIXED zc=0/3
  [89/207] data/examples/freshML/cps-popl-tutorial2.bel#cps STUCK:no-move deepest=MIXED zc=0/3
  [90/207] data/examples/higher-order/jpath.bel#fwd STUCK:no-totality-measure deepest=MIXED zc=0/1
  [91/207] data/examples/higher-order/jpath.bel#bwd STUCK:no-move deepest=MIXED zc=0/4
  [92/207] data/examples/freshML/debruijn-1.bel#db2vhoas STUCK:no-totality-measure deepest=MIXED zc=0/1
  [93/207] data/examples/literate_beluga/0Beginner/Close_Terms.bel#close1 STUCK:no-totality-measure deepest=MIXED zc=0/1
  [94/207] data/examples/literate_beluga/0Beginner/From_HOAS_to_DeBruijn.bel#translate STUCK:search-bound deepest=MIXED zc=0/8
  [95/207] data/examples/literate_beluga/0Beginner/From_HOAS_to_DeBruijn.bel#db STUCK:no-totality-measure deepest=MIXED zc=0/1
  [96/207] data/examples/literate_beluga/0Beginner/Polymorphic_Algorithmic_Equality.bel#ctp STUCK:no-totality-measure deepest=ALL-GUARD zc=0/1
  [97/207] data/examples/literate_beluga/0Beginner/Polymorphic_Algorithmic_Equality.bel#ceq STUCK:no-totality-measure deepest=ALL-GUARD zc=0/1
  [98/207] data/examples/literate_beluga/0Beginner/Untyped_Algorithmic_Equality_-_Context_Relation.bel#ctx_membership STUCK:no-move deepest=ALL-REJECT zc=0/3
  [99/207] data/examples/literate_beluga/0Beginner/Untyped_Algorithmic_Equality_-_Context_Relation.bel#existsEqV' STUCK:no-move deepest=MIXED zc=0/3
  [100/207] data/examples/literate_beluga/0Beginner/Untyped_Algorithmic_Equality_-_Context_Relation.bel#existsEqV STUCK:no-move deepest=MIXED zc=0/3
  [101/207] data/examples/literate_beluga/0Beginner/Untyped_Algorithmic_Equality_-_Context_Subsumption.bel#ceq STUCK:no-totality-measure deepest=ALL-GUARD zc=0/1
  [102/207] data/examples/literate_beluga/0Beginner/Untyped_Algorithmic_Equality_-_Context_Relation.bel#existsEq' STUCK:no-totality-measure deepest=MIXED zc=0/1
  [103/207] data/examples/literate_beluga/2Advanced/Normalization_by_Evaluation.bel#sem_wkn STUCK:no-move deepest=MIXED zc=0/5
  [104/207] data/examples/literate_beluga/2Advanced/Normalization_by_Evaluation.bel#env_wkn STUCK:no-move deepest=MIXED zc=0/2
  [105/207] data/examples/literate_beluga/2Advanced/Normalization_by_Evaluation.bel#env_ext STUCK:no-move deepest=MIXED zc=0/5
  [106/207] data/examples/literate_beluga/0Beginner/Untyped_Algorithmic_Equality_-_Context_Relation.bel#existsEq STUCK:no-totality-measure deepest=MIXED zc=0/1
  [107/207] data/examples/literate_beluga/2Advanced/Normalization_by_Evaluation.bel#reflect STUCK:no-totality-measure deepest=MIXED zc=0/1
  [108/207] data/examples/literate_beluga/2Advanced/Normalization_by_Evaluation.bel#emp_env STUCK:no-move deepest=MIXED zc=0/3
  [109/207] data/examples/literate_beluga/2Advanced/Normalization_by_Evaluation.bel#eval STUCK:no-totality-measure deepest=MIXED zc=0/1
  [110/207] data/examples/literate_beluga/2Advanced/Weak_Normalization.bel#lookup STUCK:no-move deepest=MIXED zc=0/3
  [111/207] data/examples/literate_beluga/2Advanced/Weak_Normalization.bel#bwd_closed STUCK:no-totality-measure deepest=MIXED zc=0/1
  [112/207] data/examples/literate_beluga/2Advanced/Weak_Normalization.bel#weakNorm STUCK:no-totality-measure deepest=ALL-GUARD zc=0/1
  [113/207] data/examples/logrel/algeq-simplified.bel#reflect STUCK:no-move deepest=ALL-REJECT zc=0/3
  [114/207] data/examples/logrel/algeq-simplified.bel#logEq_Monotone STUCK:no-move deepest=MIXED zc=0/8
  [115/207] data/examples/logrel/algeq-simplified1.bel#reflect STUCK:no-move deepest=ALL-REJECT zc=0/3
  [116/207] data/examples/logrel/algeq-simplified1.bel#logEq_Monotone STUCK:no-move deepest=MIXED zc=0/8
  [117/207] data/examples/literate_beluga/2Advanced/Weak_Normalization.bel#main STUCK:no-totality-measure deepest=MIXED zc=0/1
  [118/207] data/examples/logrel/algeq-typing.bel#lookup STUCK:no-move deepest=MIXED zc=0/3
  [119/207] data/examples/logrel/algeq-typing.bel#reflect STUCK:no-move deepest=ALL-REJECT zc=0/3
  [120/207] data/examples/codatatypes/howes-method/howe-total.bel#ev_det STUCK:step-bound deepest=MIXED zc=0/10
  [121/207] data/examples/logrel/weak-norm-closed-ideal.bel#lookup STUCK:no-move deepest=MIXED zc=0/3
  [122/207] data/examples/logrel/algeq-typing.bel#logEq_Monotone STUCK:no-move deepest=MIXED zc=0/8
  [123/207] data/examples/logrel/weak-norm-closed-ideal.bel#weakNorm STUCK:no-move deepest=MIXED zc=0/4
  [124/207] data/examples/logrel/weak-norm-total-mix-lf-inductive.bel#lookup STUCK:no-move deepest=MIXED zc=0/3
  [125/207] data/examples/logrel/weak-norm-total-mix-lf-inductive.bel#weakNorm STUCK:no-move deepest=MIXED zc=0/4
  [126/207] data/examples/logrel/algeq-typing.bel#thm' STUCK:no-move deepest=MIXED zc=0/5
  [127/207] data/examples/logrel/weak-norm-total-products-explicit-typing.bel#bwd_closed STUCK:no-totality-measure deepest=MIXED zc=0/1
  [128/207] data/examples/logrel/weak-norm-total-products-explicit-typing.bel#weakNorm STUCK:search-bound deepest=MIXED zc=0/8
  [129/207] data/examples/logrel/weak-norm-total-products.bel#lookup STUCK:no-move deepest=MIXED zc=0/3
  [130/207] data/examples/logrel/algeq-typing.bel#idLogSub STUCK:no-move deepest=MIXED zc=0/10
  [131/207] data/examples/logrel/weak-norm-total-products.bel#weakNorm STUCK:no-move deepest=MIXED zc=0/4
  [132/207] data/examples/logrel/weak-norm-total-products.bel#pair_mstep1 COMPLETE deepest=NO-DEAD-END zc=0/0
  [133/207] data/examples/logrel/weak-norm-total.bel#lookup STUCK:no-move deepest=MIXED zc=0/3
  [134/207] data/examples/logrel/weak-norm-total.bel#bwd_closed STUCK:no-move deepest=MIXED zc=0/5
  [135/207] data/examples/logrel/weak-norm-total.bel#weakNorm STUCK:no-move deepest=MIXED zc=0/4
  [136/207] data/examples/logrel/weak-norm-under-binders-beta-only.bel#m_lam STUCK:no-move deepest=MIXED zc=0/2
  [137/207] data/examples/logrel/weak-norm-under-binders-beta-only.bel#redVar STUCK:no-move deepest=MIXED zc=0/3
  [138/207] data/examples/logrel/weak-norm-under-binders-simplified.bel#redVar STUCK:no-move deepest=MIXED zc=0/3
  [139/207] data/examples/logrel/weak-norm-under-binders.bel#wknVar STUCK:no-move deepest=ALL-REJECT zc=0/5
  [140/207] data/examples/logrel/weak-norm-under-binders.bel#wknVarSub STUCK:no-move deepest=ALL-REJECT zc=0/3
  [141/207] data/examples/logrel/weak-norm-under-binders-beta-only.bel#weakNorm STUCK:no-move deepest=MIXED zc=0/3
  [142/207] data/examples/logrel/weak-norm-under-binders-simplified.bel#weakNorm STUCK:no-move deepest=MIXED zc=0/3
  [143/207] data/examples/logrel/weak-norm-under-binders.bel#extVarSub STUCK:no-move deepest=ALL-REJECT zc=0/3
  [144/207] data/examples/logrel/weak-norm-under-binders.bel#shiftIsVarSub STUCK:no-move deepest=ZERO-CAND zc=1/2
  [145/207] data/examples/logrel/weak-norm-under-binders.bel#idIsVarSub STUCK:no-move deepest=MIXED zc=0/2
  [146/207] data/examples/logrel/weak-norm-under-binders.bel#idRedSub STUCK:no-move deepest=MIXED zc=0/2
  [147/207] data/examples/logrel/weak-norm-under-binders.bel#reflect STUCK:no-move deepest=MIXED zc=0/2
  [148/207] data/examples/logrel/weak-norm-under-binders.bel#rwkn STUCK:no-move deepest=ALL-REJECT zc=0/5
  [149/207] data/examples/logrel/weak-norm-under-binders.bel#redVar STUCK:no-move deepest=MIXED zc=0/3
  [150/207] data/examples/logrel/weak-norm.bel#lookup STUCK:no-move deepest=MIXED zc=0/3
  [151/207] data/examples/logrel/weak-norm.bel#bwd_closed STUCK:no-totality-measure deepest=MIXED zc=0/1
  [152/207] data/examples/mini-ml/clos-eval.bel#eval STUCK:no-totality-measure deepest=ALL-GUARD zc=0/1
  [153/207] data/examples/logrel/weak-norm-under-binders.bel#weakNorm STUCK:no-move deepest=MIXED zc=0/4
  [154/207] data/examples/logrel/weak-norm.bel#weakNorm STUCK:no-totality-measure deepest=ALL-GUARD zc=0/1
  [155/207] data/examples/mini-ml/vsound-explicit.bel#vs COMPLETE deepest=NO-DEAD-END zc=0/0
  [156/207] data/examples/path/bred-nf.bel#bred_ltr STUCK:no-move deepest=MIXED zc=0/2
  [157/207] data/examples/path/bred-nf.bel#bred_rtl STUCK:no-move deepest=MIXED zc=0/2
  [158/207] data/examples/polylam/normal.bel#normal2exp STUCK:no-move deepest=MIXED zc=0/3
  [159/207] data/examples/path/bred-nf.bel#path_exists STUCK:no-move deepest=MIXED zc=0/3
  [160/207] data/examples/popl12/clos-eval.bel#eval STUCK:no-totality-measure deepest=ALL-GUARD zc=0/1
  [161/207] data/examples/polylam/normal.bel#norm STUCK:no-totality-measure deepest=MIXED zc=0/1
  [162/207] data/examples/popl12/nbe-sub.bel#extend STUCK:no-move deepest=MIXED zc=0/4
  [163/207] data/examples/popl12/nbe-sub.bel#weaken STUCK:no-move deepest=MIXED zc=0/5
  [164/207] data/examples/path/bred-nf.bel#tm_same STUCK:no-move deepest=ALL-REJECT zc=0/5
  [165/207] data/examples/popl12/nbe-sub.bel#initialMap STUCK:no-move deepest=MIXED zc=0/2
  [166/207] data/examples/popl12/nbe-sub.bel#eval STUCK:no-move deepest=MIXED zc=0/3
  [167/207] data/examples/popl12/nbe-sub.bel#reflect STUCK:no-move deepest=MIXED zc=0/3
  [168/207] data/examples/popl12/nbe.bel#reflect STUCK:no-totality-measure deepest=ALL-REJECT zc=0/1
  [169/207] data/examples/popl12/nbe.bel#extend STUCK:no-move deepest=MIXED zc=0/4
  [170/207] data/examples/popl12/nbe.bel#eval STUCK:no-move deepest=MIXED zc=0/3
  [171/207] data/examples/popl12/nbe.bel#initialMap STUCK:no-move deepest=MIXED zc=0/2
  [172/207] data/examples/popl12/normeval-abbrev.bel#extendSub STUCK:no-move deepest=ALL-REJECT zc=0/3
  [173/207] data/examples/logrel/weak-norm.bel#main STUCK:no-totality-measure deepest=MIXED zc=0/1
  [174/207] data/examples/popl12/normeval-abbrev.bel#nsubst STUCK:no-totality-measure deepest=MIXED zc=0/1
  [175/207] data/examples/popl12/normeval-abbrev.bel#weaken STUCK:no-totality-measure deepest=ALL-REJECT zc=0/1
  [176/207] data/examples/popl12/normeval-abbrev.bel#subst STUCK:no-move deepest=MIXED zc=0/4
  [177/207] data/examples/popl12/normeval-abbrev.bel#reflect STUCK:no-totality-measure deepest=ALL-REJECT zc=0/1
  [178/207] data/examples/popl12/normeval-abbrev.bel#extend STUCK:no-move deepest=MIXED zc=0/4
  [179/207] data/examples/popl12/normeval-abbrev.bel#eval STUCK:no-totality-measure deepest=MIXED zc=0/1
  [180/207] data/examples/popl12/normeval-abbrev.bel#initialMap STUCK:no-totality-measure deepest=MIXED zc=0/1
  [181/207] data/examples/popl12/normeval-subst.bel#subst STUCK:no-move deepest=MIXED zc=0/4
  [182/207] data/examples/popl12/normeval-subst.bel#reflect STUCK:no-totality-measure deepest=ALL-REJECT zc=0/1
  [183/207] data/examples/popl12/normeval-subst.bel#extend STUCK:no-move deepest=MIXED zc=0/4
  [184/207] data/examples/popl12/normeval-subst.bel#initialMap STUCK:no-totality-measure deepest=MIXED zc=0/1
  [185/207] data/examples/popl12/normeval-total.bel#extendSub STUCK:no-move deepest=ALL-REJECT zc=0/3
  [186/207] data/examples/popl12/normeval-subst.bel#eval STUCK:no-totality-measure deepest=MIXED zc=0/1
  [187/207] data/examples/popl12/normeval-total.bel#nsubst STUCK:no-move deepest=MIXED zc=0/3
  [188/207] data/examples/popl12/normeval-total.bel#weaken STUCK:no-move deepest=ALL-REJECT zc=0/5
  [189/207] data/examples/popl12/normeval-total.bel#subst STUCK:no-move deepest=MIXED zc=0/5
  [190/207] data/examples/popl12/normeval-total.bel#extend STUCK:no-move deepest=MIXED zc=0/5
  [191/207] data/examples/popl12/normeval-total.bel#initialMap STUCK:no-move deepest=MIXED zc=0/2
  [192/207] data/examples/popl12/normeval-total.bel#eval STUCK:no-move deepest=MIXED zc=0/3
  [193/207] data/examples/popl12/normeval.bel#extendSub STUCK:no-move deepest=ALL-REJECT zc=0/3
  [194/207] data/examples/popl12/normeval-total.bel#reflect STUCK:no-move deepest=MIXED zc=0/3
  [195/207] data/examples/popl12/normeval.bel#nsubst STUCK:no-move deepest=MIXED zc=0/3
  [196/207] data/examples/popl12/normeval.bel#weaken STUCK:no-move deepest=ALL-REJECT zc=0/5
  [197/207] data/examples/popl12/normeval.bel#subst STUCK:no-move deepest=MIXED zc=0/5
  [198/207] data/examples/popl12/normeval.bel#extend STUCK:no-move deepest=MIXED zc=0/5
  [199/207] data/examples/popl12/normeval.bel#initialMap STUCK:no-totality-measure deepest=MIXED zc=0/1
  [200/207] data/examples/popl12/normeval.bel#reflect STUCK:no-totality-measure deepest=ALL-REJECT zc=0/1
  [201/207] data/examples/popl12/normeval.bel#eval STUCK:no-move deepest=MIXED zc=0/3
  [202/207] data/examples/small-step/subject-red.bel#tps' STUCK:no-move deepest=MIXED zc=0/2
  [203/207] data/examples/poplmark/poplmark.bel#refl STUCK:no-totality-measure deepest=MIXED zc=0/1
  [204/207] data/examples/poplmark/pearl.bel#sound STUCK:no-move deepest=MIXED zc=0/2
  [205/207] data/examples/small-step/system-f-iso.bel#progress STUCK:no-move deepest=ALL-GUARD zc=0/3
  [206/207] data/examples/small-step/system-f.bel#progress STUCK:no-move deepest=ALL-GUARD zc=0/3
  [207/207] data/examples/typed-compilation/debruijn.bel#db2vhoas STUCK:no-totality-measure deepest=MIXED zc=0/1
