
> prover:diff
> node scripts/prover-differential.mjs --ref results/corpus/library.jsonl

199 target(s) — ref results/corpus/library.jsonl
COMPLETE   data/case-studies/classical-processes/cp.cfg#dual_sym [COMPLETE(ref)] -> COMPLETE
COMPLETE   data/case-studies/classical-processes/cp.cfg#dual_uniq [COMPLETE(ref)] -> COMPLETE
COMPLETE   data/case-studies/classical-processes/cp.cfg#lin_name_must_appear [COMPLETE(ref)] -> COMPLETE
COMPLETE   data/case-studies/harmony-lemma-formalization/all.cfg#red_impl_fstepcong [COMPLETE(ref)] -> COMPLETE
COMPLETE   data/examples/bigstep-deterministic/sources.cfg#eq_refl [COMPLETE(ref)] -> COMPLETE
COMPLETE   data/examples/bigstep-deterministic/sources.cfg#eq_sym [COMPLETE(ref)] -> COMPLETE
COMPLETE   data/examples/cfg/test.cfg#free_var [COMPLETE(ref)] -> COMPLETE
COMPLETE   data/examples/church-rosser/test.cfg#identity [COMPLETE(ref)] -> COMPLETE
COMPLETE   data/examples/church-rosser/test.cfg#eq5 [COMPLETE(ref)] -> COMPLETE
COMPLETE   data/examples/church-rosser/test-crec-cover.cfg#identity [COMPLETE(ref)] -> COMPLETE
COMPLETE   data/examples/church-rosser/test-crec-cover.cfg#eq5 [COMPLETE(ref)] -> COMPLETE
COMPLETE   data/examples/compile/cls/test.cfg#append [COMPLETE(ref)] -> COMPLETE
COMPLETE   data/examples/lincx_mechanization/lincx.cfg#helper_eqeq2 [COMPLETE(ref)] -> COMPLETE
COMPLETE   data/examples/lincx_mechanization/lincx.cfg#ctx_eq_join [COMPLETE(ref)] -> COMPLETE
COMPLETE   data/examples/lincx_mechanization/lincx.cfg#ctx_eq_unr [COMPLETE(ref)] -> COMPLETE
COMPLETE   data/examples/lincx_mechanization/lincx.cfg#ctx_eq_unrest [COMPLETE(ref)] -> COMPLETE
COMPLETE   data/examples/lincx_mechanization/lincx.cfg#ctx_unrest_unr [COMPLETE(ref)] -> COMPLETE
COMPLETE   data/examples/lincx_mechanization/lincx.cfg#ctx_unr_unrest [COMPLETE(ref)] -> COMPLETE
COMPLETE   data/examples/lincx_mechanization/lincx.cfg#unrest_repeat [COMPLETE(ref)] -> COMPLETE
COMPLETE   data/examples/lincx_mechanization/lincx.cfg#unrest_unique [COMPLETE(ref)] -> COMPLETE
COMPLETE   data/examples/lincx_mechanization/lincx.cfg#ue_helper1 [COMPLETE(ref)] -> COMPLETE
COMPLETE   data/examples/lincx_mechanization/lincx.cfg#ue_helper2 [COMPLETE(ref)] -> COMPLETE
COMPLETE   data/examples/lincx_mechanization/lincx.cfg#bin_join_comm [COMPLETE(ref)] -> COMPLETE
COMPLETE   data/examples/lincx_mechanization/lincx.cfg#bin_join_eqnil [COMPLETE(ref)] -> COMPLETE
COMPLETE   data/examples/lincx_mechanization/lincx.cfg#lemma1_6c [COMPLETE(ref)] -> COMPLETE
COMPLETE   data/examples/lincx_mechanization/lincx.cfg#lemma1_6d [COMPLETE(ref)] -> COMPLETE
COMPLETE   data/examples/lincx_mechanization/lincx.cfg#sstu_helper2_1 [COMPLETE(ref)] -> COMPLETE
COMPLETE   data/examples/lincx_mechanization/lincx.cfg#sstu_helper4 [COMPLETE(ref)] -> COMPLETE
COMPLETE   data/examples/tapl/ch3/sources.cfg#deterministic [COMPLETE(ref)] -> COMPLETE
COMPLETE   data/examples/tapl/ch3/sources.cfg#lemma_val_2 [COMPLETE(ref)] -> COMPLETE
COMPLETE   data/examples/tapl/ch3/sources.cfg#m_trans [COMPLETE(ref)] -> COMPLETE
COMPLETE   data/examples/tapl/ch3/sources.cfg#sound [COMPLETE(ref)] -> COMPLETE
COMPLETE   data/examples/tapl/ch3/sources.cfg#complete [COMPLETE(ref)] -> COMPLETE
COMPLETE   data/examples/tapl/ch3/sources.cfg#mstep_if [COMPLETE(ref)] -> COMPLETE
COMPLETE   data/examples/tapl/ch3/sources.cfg#values_dont_step [COMPLETE(ref)] -> COMPLETE
COMPLETE   data/examples/tapl/ch3/sources.cfg#eval [COMPLETE(ref)] -> COMPLETE
COMPLETE   data/examples/tapl/ch3+arith/sources.cfg#tps [COMPLETE(ref)] -> COMPLETE
COMPLETE   data/examples/tapl/ch3+arith/sources.cfg#multi_tps [COMPLETE(ref)] -> COMPLETE
COMPLETE   data/examples/tapl/ch3+arith/sources.cfg#mstep_switch [COMPLETE(ref)] -> COMPLETE
COMPLETE   data/examples/tapl/ch3+arith/sources.cfg#mstep_succ [COMPLETE(ref)] -> COMPLETE
COMPLETE   data/examples/tapl/ch3+arith/sources.cfg#mstep_pred [COMPLETE(ref)] -> COMPLETE
COMPLETE   data/examples/tapl/ch3+arith/sources.cfg#mstep_iszero [COMPLETE(ref)] -> COMPLETE
COMPLETE   data/examples/tapl/ch3+arith/sources.cfg#natval_dont_step [COMPLETE(ref)] -> COMPLETE
COMPLETE   data/examples/tapl/ch3+arith/sources.cfg#m_trans [COMPLETE(ref)] -> COMPLETE
COMPLETE   data/examples/tapl/ch3+arith/sources.cfg#sound [COMPLETE(ref)] -> COMPLETE
COMPLETE   data/examples/tapl/ch3+arith/sources.cfg#complete [COMPLETE(ref)] -> COMPLETE
COMPLETE   data/examples/tapl/ch3+arith/sources.cfg#step [COMPLETE(ref)] -> COMPLETE
COMPLETE   data/examples/tapl/ch3+arith/sources.cfg#mstep [COMPLETE(ref)] -> COMPLETE
COMPLETE   data/examples/tapl/ch3+arith/sources.cfg#eval [COMPLETE(ref)] -> COMPLETE
COMPLETE   data/examples/tapl/ch3+arith/sources.cfg#vs [COMPLETE(ref)] -> COMPLETE
COMPLETE   data/examples/tapl/ch3+arith+leq/sources.cfg#natval_dont_step [COMPLETE(ref)] -> COMPLETE
COMPLETE   data/examples/tapl/ch3+arith+leq/sources.cfg#m_trans [COMPLETE(ref)] -> COMPLETE
COMPLETE   data/examples/tapl/ch3+arith+leq/sources.cfg#sound [COMPLETE(ref)] -> COMPLETE
COMPLETE   data/examples/tapl/ch3+arith+leq/sources.cfg#complete [COMPLETE(ref)] -> COMPLETE
COMPLETE   data/examples/tapl/ch3+arith+leq/sources.cfg#mstep_switch [COMPLETE(ref)] -> COMPLETE
COMPLETE   data/examples/tapl/ch3+arith+leq/sources.cfg#mstep_succ [COMPLETE(ref)] -> COMPLETE
COMPLETE   data/examples/tapl/ch3+arith+leq/sources.cfg#mstep_pred [COMPLETE(ref)] -> COMPLETE
COMPLETE   data/examples/tapl/ch3+arith+leq/sources.cfg#mstep_iszero [COMPLETE(ref)] -> COMPLETE
COMPLETE   data/examples/tapl/ch3+arith+leq/sources.cfg#mstep_leq_1 [COMPLETE(ref)] -> COMPLETE
COMPLETE   data/examples/tapl/ch3+arith+leq/sources.cfg#mstep_leq_2 [COMPLETE(ref)] -> COMPLETE
COMPLETE   data/examples/tapl/ch3+arith+leq/sources.cfg#isvalue [COMPLETE(ref)] -> COMPLETE
COMPLETE   data/examples/tapl/ch3+arith+leq/sources.cfg#small_step [COMPLETE(ref)] -> COMPLETE
COMPLETE   data/examples/tapl/ch3+arith+leq/sources.cfg#mstep [COMPLETE(ref)] -> COMPLETE
COMPLETE   data/examples/tapl/ch3+arith+leq/sources.cfg#eval [COMPLETE(ref)] -> COMPLETE
COMPLETE   data/examples/tapl/ch3+arith+leq/sources.cfg#equal [COMPLETE(ref)] -> COMPLETE
COMPLETE   data/examples/tapl/ch3+arith+leq/sources.cfg#infer [COMPLETE(ref)] -> COMPLETE
COMPLETE   data/examples/tapl/ch3+arith+leq/sources.cfg#small_step_cont [COMPLETE(ref)] -> COMPLETE
COMPLETE   data/examples/tapl/ch3+arith+leq/sources.cfg#mstep' [COMPLETE(ref)] -> COMPLETE
COMPLETE   data/examples/arith/arith.bel#plus [COMPLETE(ref)] -> COMPLETE
COMPLETE   data/examples/arith/arith.bel#plus' [COMPLETE(ref)] -> COMPLETE
COMPLETE   data/examples/arith/arith.bel#mult [COMPLETE(ref)] -> COMPLETE
COMPLETE   data/examples/arith/arith.bel#mult' [COMPLETE(ref)] -> COMPLETE
COMPLETE   data/examples/arith/arith.bel#fact [COMPLETE(ref)] -> COMPLETE
COMPLETE   data/examples/back/tc.bel#synth [COMPLETE(ref)] -> COMPLETE
COMPLETE   data/examples/copy/copy-crec.bel#copy [COMPLETE(ref)] -> COMPLETE
COMPLETE   data/examples/copy/copy-explicit.bel#copy [COMPLETE(ref)] -> COMPLETE
COMPLETE   data/examples/copy/copy-simple-crec.bel#copy [COMPLETE(ref)] -> COMPLETE
COMPLETE   data/examples/copy/copy-simple-explicit.bel#copy [COMPLETE(ref)] -> COMPLETE
COMPLETE   data/examples/copy/copy-simple.bel#copy [COMPLETE(ref)] -> COMPLETE
COMPLETE   data/examples/copy/copy.bel#copy [COMPLETE(ref)] -> COMPLETE
COMPLETE   data/examples/copy/copy.bel#mkTm [COMPLETE(ref)] -> COMPLETE
COMPLETE   data/examples/count-var/cntvar-2.bel#plus [COMPLETE(ref)] -> COMPLETE
COMPLETE   data/examples/count-var/cntvar-2.bel#cntV [COMPLETE(ref)] -> COMPLETE
COMPLETE   data/examples/count-var/cntvar-crec.bel#plus [COMPLETE(ref)] -> COMPLETE
COMPLETE   data/examples/count-var/cntvar-crec.bel#cntV [COMPLETE(ref)] -> COMPLETE
COMPLETE   data/examples/count-var/cntvar-explicit.bel#plus [COMPLETE(ref)] -> COMPLETE
COMPLETE   data/examples/count-var/cntvar-explicit.bel#cntV [COMPLETE(ref)] -> COMPLETE
COMPLETE   data/examples/count-var/cntvar-simple-crec.bel#plus [COMPLETE(ref)] -> COMPLETE
COMPLETE   data/examples/count-var/cntvar-simple-crec.bel#cntV [COMPLETE(ref)] -> COMPLETE
COMPLETE   data/examples/count-var/cntvar-simple.bel#plus [COMPLETE(ref)] -> COMPLETE
COMPLETE   data/examples/count-var/cntvar-simple.bel#cntV [COMPLETE(ref)] -> COMPLETE
COMPLETE   data/examples/count-var/cntvar-str.bel#plus [COMPLETE(ref)] -> COMPLETE
COMPLETE   data/examples/count-var/cntvar-str.bel#cntV [COMPLETE(ref)] -> COMPLETE
COMPLETE   data/examples/equal/eq-proof-2.bel#ref [COMPLETE(ref)] -> COMPLETE
COMPLETE   data/examples/equal/eq-proof-2.bel#ceq_main [COMPLETE(ref)] -> COMPLETE
COMPLETE   data/examples/equal/eq-proof-crec.bel#ref [COMPLETE(ref)] -> COMPLETE
COMPLETE   data/examples/equal/eq-proof-crec.bel#ceq_main [COMPLETE(ref)] -> COMPLETE
COMPLETE   data/examples/equal/eq-proof-full-crec.bel#ref [COMPLETE(ref)] -> COMPLETE
COMPLETE   data/examples/equal/eq-proof-full-crec.bel#trans [COMPLETE(ref)] -> COMPLETE
COMPLETE   data/examples/equal/eq-proof-full-crec.bel#ceq_main [COMPLETE(ref)] -> COMPLETE
COMPLETE   data/examples/equal/eq-proof-tuple.bel#eqfun [COMPLETE(ref)] -> COMPLETE
COMPLETE   data/examples/equal/eq-proof.bel#ref [COMPLETE(ref)] -> COMPLETE
COMPLETE   data/examples/fol/fol-handbook.bel#trivial_imp [COMPLETE(ref)] -> COMPLETE
COMPLETE   data/examples/fol/fol-handbook.bel#ndhil_main [COMPLETE(ref)] -> COMPLETE
COMPLETE   data/examples/free-vars/fvnat-crec.bel#free_var [COMPLETE(ref)] -> COMPLETE
COMPLETE   data/examples/free-vars/fvnat-explicit.bel#free_var [COMPLETE(ref)] -> COMPLETE
COMPLETE   data/examples/free-vars/fvnat.bel#free_var [COMPLETE(ref)] -> COMPLETE
COMPLETE   data/examples/freshML/cconv-cheney.bel#cconv [COMPLETE(ref)] -> COMPLETE
COMPLETE   data/examples/freshML/cconv-cheney.bel#cconv_main [COMPLETE(ref)] -> COMPLETE
COMPLETE   data/examples/freshML/cps-crec.bel#cmp [COMPLETE(ref)] -> COMPLETE
COMPLETE   data/examples/freshML/cps-popl-tutorial2-crec.bel#eval [COMPLETE(ref)] -> COMPLETE
COMPLETE   data/examples/freshML/cps.bel#cmp [COMPLETE(ref)] -> COMPLETE
COMPLETE   data/examples/freshML/debruijn-1.bel#var [COMPLETE(ref)] -> COMPLETE
COMPLETE   data/examples/freshML/debruijn-1.bel#vhoas2db [COMPLETE(ref)] -> COMPLETE
COMPLETE   data/examples/freshML/debruijn-1.bel#tohoas [COMPLETE(ref)] -> COMPLETE
COMPLETE   data/examples/freshML/debruijn-1a.bel#todbruijn [COMPLETE(ref)] -> COMPLETE
COMPLETE   data/examples/freshML/debruijn-uniform.bel#vhoas2db [COMPLETE(ref)] -> COMPLETE
COMPLETE   data/examples/freshML/debruijn-uniform.bel#hoas2db [COMPLETE(ref)] -> COMPLETE
COMPLETE   data/examples/freshML/debruijn.bel#vhoas2db [COMPLETE(ref)] -> COMPLETE
COMPLETE   data/examples/freshML/debruijn.bel#hoas2db [COMPLETE(ref)] -> COMPLETE
COMPLETE   data/examples/freshML/term.bel#add [COMPLETE(ref)] -> COMPLETE
COMPLETE   data/examples/freshML/term.bel#size [COMPLETE(ref)] -> COMPLETE
COMPLETE   data/examples/freshML/ucconv-total.bel#append [COMPLETE(ref)] -> COMPLETE
COMPLETE   data/examples/freshML/ucconv-total.bel#makeproj' [COMPLETE(ref)] -> COMPLETE
COMPLETE   data/examples/freshML/ucconv-total.bel#makeproj [COMPLETE(ref)] -> COMPLETE
COMPLETE   data/examples/freshML/ucconv-total.bel#b_map [COMPLETE(ref)] -> COMPLETE
COMPLETE   data/examples/freshML/ucconv-total.bel#e_map [COMPLETE(ref)] -> COMPLETE
COMPLETE   data/examples/freshML/ucconv-total.bel#b_env [COMPLETE(ref)] -> COMPLETE
COMPLETE   data/examples/freshML/ucconv-total.bel#convert [COMPLETE(ref)] -> COMPLETE
COMPLETE   data/examples/improve/eta.bel#test [COMPLETE(ref)] -> COMPLETE
COMPLETE   data/examples/improve/recon.bel#copy [COMPLETE(ref)] -> COMPLETE
COMPLETE   data/examples/literate_beluga/0Beginner/Norm.bel#norm [COMPLETE(ref)] -> COMPLETE
COMPLETE   data/examples/literate_beluga/0Beginner/Polymorphic_Algorithmic_Equality.bel#reftp [COMPLETE(ref)] -> COMPLETE
COMPLETE   data/examples/literate_beluga/0Beginner/Polymorphic_Algorithmic_Equality.bel#transtp [COMPLETE(ref)] -> COMPLETE
COMPLETE   data/examples/literate_beluga/0Beginner/Polymorphic_Algorithmic_Equality.bel#symtp [COMPLETE(ref)] -> COMPLETE
COMPLETE   data/examples/literate_beluga/0Beginner/Type_Uniqueness.bel#unique [COMPLETE(ref)] -> COMPLETE
COMPLETE   data/examples/literate_beluga/0Beginner/Untyped_Algorithmic_Equality_-_Context_Subsumption.bel#reflG [COMPLETE(ref)] -> COMPLETE
COMPLETE   data/examples/literate_beluga/0Beginner/Untyped_Algorithmic_Equality_-_Context_Subsumption.bel#transG [COMPLETE(ref)] -> COMPLETE
COMPLETE   data/examples/literate_beluga/2Advanced/Weak_Normalization.bel#halts_step [COMPLETE(ref)] -> COMPLETE
COMPLETE   data/examples/logrel/algeq-simplified.bel#mstep_trans [COMPLETE(ref)] -> COMPLETE
COMPLETE   data/examples/logrel/algeq-simplified.bel#algeqNeuSym [COMPLETE(ref)] -> COMPLETE
COMPLETE   data/examples/logrel/algeq-simplified.bel#algeqNeuUnique [COMPLETE(ref)] -> COMPLETE
COMPLETE   data/examples/logrel/algeq-simplified.bel#neutral_doesnt_step [COMPLETE(ref)] -> COMPLETE
COMPLETE   data/examples/logrel/algeq-simplified1.bel#mstep_trans [COMPLETE(ref)] -> COMPLETE
COMPLETE   data/examples/logrel/algeq-simplified1.bel#algEqRSym [COMPLETE(ref)] -> COMPLETE
COMPLETE   data/examples/logrel/algeq-simplified1.bel#algEqRUnique [COMPLETE(ref)] -> COMPLETE
COMPLETE   data/examples/logrel/algeq-simplified1.bel#neutral_doesnt_step [COMPLETE(ref)] -> COMPLETE
COMPLETE   data/examples/logrel/algeq-typing.bel#mstep_trans [COMPLETE(ref)] -> COMPLETE
COMPLETE   data/examples/logrel/algeq-typing.bel#algEqRSym [COMPLETE(ref)] -> COMPLETE
COMPLETE   data/examples/logrel/algeq-typing.bel#algEqRUnique [COMPLETE(ref)] -> COMPLETE
COMPLETE   data/examples/logrel/algeq-typing.bel#neutral_doesnt_step [COMPLETE(ref)] -> COMPLETE
COMPLETE   data/examples/logrel/weak-norm-total-products-explicit-typing.bel#halts_step [COMPLETE(ref)] -> COMPLETE
COMPLETE   data/examples/logrel/weak-norm-total-products-explicit-typing.bel#pair_mstep1 [COMPLETE(ref)] -> COMPLETE
COMPLETE   data/examples/logrel/weak-norm-total-products-explicit-typing.bel#pair_mstep2 [COMPLETE(ref)] -> COMPLETE
COMPLETE   data/examples/logrel/weak-norm-total-products-explicit-typing.bel#mstep_trans [COMPLETE(ref)] -> COMPLETE
COMPLETE   data/examples/logrel/weak-norm-under-binders-beta-only.bel#m_app2 [COMPLETE(ref)] -> COMPLETE
COMPLETE   data/examples/logrel/weak-norm-under-binders-simplified.bel#m_app2 [COMPLETE(ref)] -> COMPLETE
COMPLETE   data/examples/logrel/weak-norm.bel#halts_step [COMPLETE(ref)] -> COMPLETE
COMPLETE   data/examples/mini-ml/clos-eval.bel#test [COMPLETE(ref)] -> COMPLETE
COMPLETE   data/examples/mini-ml/eval-sub-1-explicit.bel#add [COMPLETE(ref)] -> COMPLETE
COMPLETE   data/examples/mini-ml/eval-sub-1-explicit.bel#eval [COMPLETE(ref)] -> COMPLETE
COMPLETE   data/examples/mini-ml/eval-sub-1.bel#add [COMPLETE(ref)] -> COMPLETE
COMPLETE   data/examples/mini-ml/eval-sub-1.bel#eval [COMPLETE(ref)] -> COMPLETE
COMPLETE   data/examples/mini-ml/eval-sub-explicit.bel#eval [COMPLETE(ref)] -> COMPLETE
COMPLETE   data/examples/mini-ml/eval-sub.bel#eval [COMPLETE(ref)] -> COMPLETE
COMPLETE   data/examples/popl12/clos-eval.bel#test [COMPLETE(ref)] -> COMPLETE
COMPLETE   data/examples/popl12/closconv.bel#addProjs [COMPLETE(ref)] -> COMPLETE
COMPLETE   data/examples/popl12/closconv.bel#ctxToEnv [COMPLETE(ref)] -> COMPLETE
COMPLETE   data/examples/popl12/copy.bel#copy [COMPLETE(ref)] -> COMPLETE
COMPLETE   data/examples/popl12/normeval-abbrev.bel#id [COMPLETE(ref)] -> COMPLETE
COMPLETE   data/examples/popl12/normeval-total.bel#id [COMPLETE(ref)] -> COMPLETE
COMPLETE   data/examples/popl12/normeval.bel#id [COMPLETE(ref)] -> COMPLETE
COMPLETE   data/examples/small-step/lam.bel#prog' [COMPLETE(ref)] -> COMPLETE
COMPLETE   data/examples/small-step/subject-red.bel#tps [COMPLETE(ref)] -> COMPLETE
COMPLETE   data/examples/tapl/ch6/evaluator.bel#eval [COMPLETE(ref)] -> COMPLETE
COMPLETE   data/examples/tapl/ch6/small-step.bel#unique [COMPLETE(ref)] -> COMPLETE
COMPLETE   data/examples/typed-compilation/cconv-cheney.bel#cconv [COMPLETE(ref)] -> COMPLETE
COMPLETE   data/examples/typed-compilation/cconv-cheney.bel#cconv_main [COMPLETE(ref)] -> COMPLETE
COMPLETE   data/examples/typed-compilation/cps-popl-tutorial1-crec.bel#cps [COMPLETE(ref)] -> COMPLETE
COMPLETE   data/examples/typed-compilation/cps-popl-tutorial2-crec.bel#cps [COMPLETE(ref)] -> COMPLETE
COMPLETE   data/examples/typed-compilation/cps-popl-tutorial2-crec.bel#eval [COMPLETE(ref)] -> COMPLETE
COMPLETE   data/examples/typed-compilation/debruijn.bel#vhoas2db [COMPLETE(ref)] -> COMPLETE
COMPLETE   data/examples/typed-compilation/debruijn.bel#tohoas [COMPLETE(ref)] -> COMPLETE
COMPLETE   data/examples/typed-compilation/term-typed.bel#eval [COMPLETE(ref)] -> COMPLETE
COMPLETE   data/examples/typed-eval/tpeval-explicit.bel#equal [COMPLETE(ref)] -> COMPLETE
COMPLETE   data/examples/typed-eval/tpeval-explicit.bel#eval [COMPLETE(ref)] -> COMPLETE
COMPLETE   data/examples/typed-eval/tpeval-val.bel#equal [COMPLETE(ref)] -> COMPLETE
COMPLETE   data/examples/typed-eval/tpeval.bel#equal [COMPLETE(ref)] -> COMPLETE
COMPLETE   data/examples/typed-eval/tpeval.bel#eval [COMPLETE(ref)] -> COMPLETE
COMPLETE   data/examples/typed-eval/tpeval2.bel#add [COMPLETE(ref)] -> COMPLETE
COMPLETE   data/examples/typed-eval/tpeval2.bel#logical_and [COMPLETE(ref)] -> COMPLETE
COMPLETE   data/examples/typed-eval/tpeval2.bel#eval [COMPLETE(ref)] -> COMPLETE
COMPLETE   data/examples/typed-eval/valsound.bel#vs [COMPLETE(ref)] -> COMPLETE
COMPLETE   data/examples/unique/unique-crec.bel#refl [COMPLETE(ref)] -> COMPLETE
COMPLETE   data/examples/unique/unique-crec.bel#unique3 [COMPLETE(ref)] -> COMPLETE
COMPLETE   data/examples/unique/unique-eval.bel#unique_eval [COMPLETE(ref)] -> COMPLETE
COMPLETE   data/examples/unique/unique-standard.bel#unique [COMPLETE(ref)] -> COMPLETE
COMPLETE   data/examples/unique/unique.bel#refl [COMPLETE(ref)] -> COMPLETE
COMPLETE   data/examples/unique/unique.bel#unique3 [COMPLETE(ref)] -> COMPLETE

199/199 complete
