
=== 20 targets, 1341 REJECTED candidates ===

  545 (41%)  N an N term-level constant
         kinds: fill:375 lemma:113 recurse:57
         e.g. fill: [g, x : name |- β≡ g g g]
         e.g. fill: [g, x : name |- β≡ g g A[]]
         e.g. fill: [g, x : name |- β≡ g g A1[]]
  340 (25%)  N-checking error
         kinds: fill:150 lemma:78 recurse:63 impossible:27 split:14 synth:8
         e.g. fill: f
         e.g. fill: f
         e.g. fill: f
  235 (18%)  N-typed expression
         kinds: fill:138 lemma:65 recurse:30 split:2
         e.g. fill: [g, x : name |- βfwd]
         e.g. fill: [g, x : name |- β1⊥]
         e.g. fill: [g, x : name |- β⊗⅋]
   50 ( 4%)  N-typed substitution
         kinds: fill:50
         e.g. fill: [g, x : name |- X]
         e.g. fill: [Γ |- X1]
         e.g. fill: [Γ |- X1]
   41 ( 3%)  N is not closed
         kinds: recurse:26 lemma:15
         e.g. lemma: let [Γ |- _] = m-trans [Γ |- _] [Γ |- R] in
         e.g. lemma: let [Γ |- _] = m-trans [Γ |- _] [Γ |- R] in
         e.g. recurse: let [g |- _] = trans1' [g |- _] [g |- X1] in
   30 ( 2%)  N free meta-variable is illegal
         kinds: fill:18 impossible:7 lemma:3 split:2
         e.g. impossible: impossible [g, x : name |- X]
         e.g. impossible: impossible [g, x : name |- X]
         e.g. impossible: impossible [g, x : name |- X]
   28 ( 2%)  N of meta-object does not match expected context
         kinds: fill:12 recurse:12 lemma:4
         e.g. lemma: let [ |- R] = reflect [g |- X] in
         e.g. lemma: let [ |- _] = reflect [g |- X] in
         e.g. lemma: let [ |- R1] = reflect [g |- X2] in
   17 ( 1%)  N meta-variables in computation-level expression; provide a type annotation
         kinds: fill:17
         e.g. fill: trans1' [g |- _] [g |- X1]
         e.g. fill: trans1' [g |- _] [g |- X1]
         e.g. fill: trans1' [g |- _] [g |- X1]
   15 ( 1%)  (blank)
         kinds: split:11 invert:2 lemma:2
         e.g. invert: let [Γ, x:tm A[] |- m-step X X1] : [Γ, x:tm A[] |- mstep M1 M'] = ms in
         e.g. invert: let [Γ, x:tm A[] |- m-step X X1] = ms in
         e.g. split: (case [g |- X1] of
   13 ( 1%)  N free context variable is illegal
         kinds: fill:13
         e.g. fill: Syn [g |- X4]
         e.g. fill: Syn [g |- #p]
         e.g. fill: Syn [g |- rapp X6 X7]
    9 ( 1%)  N-typed substitution variable
         kinds: recurse:4 synth:3 fill:2
         e.g. recurse: let [g, x:name |- R[.., b.1]] = str_step' [g, b:block (x:name, h:hyp x _), x:name, h:hyp x
         e.g. recurse: let [g, x:name |- R[.., b.1]] = str_step' [g, b:block (x:name, h:hyp x _), x:name, h:hyp x
         e.g. recurse: let [g, x:name |- R1[.., b.1]] = str_step' [g, b:block (x:name, h:hyp x ①), x:name, h:hyp 
    8 ( 1%)  N-typed term
         kinds: invert:8
         e.g. invert: let [x |- n_neut X2] : [x |- normal M] = X4 in
         e.g. invert: let [x |- n_neut X2] = X4 in
         e.g. invert: let [x |- n_neut X2] : [x |- normal M] = X4 in
    6 ( 0%)  N constraints during abstraction
         kinds: split:6
         e.g. split: (case [g |- X] of
         e.g. split: (case [ |- X11] of
         e.g. split: (case [ |- X11] of
    2 ( 0%)  did not certify
         kinds: lemma:2
         e.g. lemma: let [g |- _] = trans [g, b : block (x : exp, u : equal x x, _t : eq x x) |- _] [g, b : blo
         e.g. lemma: let [g |- _] = trans [g, b : block (x : exp, u : equal x x, _t : eq x x) |- _] [g, b : blo
    1 ( 0%)  N few or too many arguments supplied to a type family
         kinds: split:1
         e.g. split: case [Γ |- #p] of
    1 ( 0%)  N to parse (mutual) recursive function declaration(s)
         kinds: fill:1
         e.g. fill: [ |- halts/m X [x]
