  [1/31] data/examples/bigstep-deterministic/sources.cfg#eval_respects_eq STUCK:no-move deepest=MIXED zc=0/2
  [2/31] data/examples/church-rosser/test.cfg#eq2 STUCK:no-move deepest=ALL-REJECT zc=0/3
  [3/31] data/examples/cpp13/cps.bel#cpse STUCK:no-move deepest=MIXED zc=0/3
  [4/31] data/examples/equal/alg-equal-ctxrel.bel#ref' STUCK:no-move deepest=ALL-GUARD zc=0/4
  [5/31] data/case-studies/harmony-lemma-formalization/all.cfg#bs_in_rew STUCK:no-move deepest=ZERO-CAND zc=1/3
  [6/31] data/examples/equal/alg-equal-datatypes-adeq.bel#atrans_s STUCK:no-move deepest=MIXED zc=0/3
  [7/31] data/case-studies/harmony-lemma-formalization/all.cfg#fstep_impl_red STUCK:no-move deepest=MIXED zc=0/2
  [8/31] data/examples/church-rosser/test-crec-cover.cfg#eq2 STUCK:no-totality-measure deepest=ZERO-CAND zc=1/1
  [9/31] data/examples/freshML/conv-untyped.bel#conv STUCK:no-totality-measure deepest=MIXED zc=0/1
  [10/31] data/examples/fol/fol-handbook.bel#ded STUCK:no-move deepest=MIXED zc=0/3
  [11/31] data/examples/freshML/cps-popl-tutorial2-crec.bel#cps STUCK:no-move deepest=MIXED zc=0/3
  [12/31] data/examples/freshML/cps-popl-tutorial1.bel#cps STUCK:no-move deepest=MIXED zc=0/3
  [13/31] data/examples/fol/fol-handbook.bel#ndhil STUCK:no-move deepest=MIXED zc=0/3
  [14/31] data/examples/freshML/cps-popl-tutorial2.bel#cps STUCK:no-move deepest=MIXED zc=0/3
  [15/31] data/examples/higher-order/jpath.bel#fwd STUCK:no-totality-measure deepest=MIXED zc=0/1
  [16/31] data/examples/higher-order/jpath.bel#bwd STUCK:no-move deepest=MIXED zc=0/4
  [17/31] data/examples/cpp13/cchoist.bel#hoist_cc STUCK:no-totality-measure deepest=MIXED zc=0/1
  [18/31] data/examples/literate_beluga/0Beginner/Close_Terms.bel#close1 STUCK:no-totality-measure deepest=MIXED zc=0/1
  [19/31] data/examples/literate_beluga/0Beginner/From_HOAS_to_DeBruijn.bel#translate STUCK:search-bound deepest=MIXED zc=0/8
  [20/31] data/examples/mini-ml/clos-eval.bel#eval STUCK:no-totality-measure deepest=ALL-GUARD zc=0/1
  [21/31] data/examples/literate_beluga/0Beginner/Polymorphic_Algorithmic_Equality.bel#ctp STUCK:no-totality-measure deepest=ALL-GUARD zc=0/1
  [22/31] data/examples/literate_beluga/0Beginner/Untyped_Algorithmic_Equality_-_Context_Subsumption.bel#ceq STUCK:no-totality-measure deepest=ALL-GUARD zc=0/1
  [23/31] data/examples/path/bred-nf.bel#bred_ltr STUCK:no-move deepest=MIXED zc=0/2
  [24/31] data/examples/path/bred-nf.bel#bred_rtl STUCK:no-move deepest=MIXED zc=0/2
  [25/31] data/examples/literate_beluga/0Beginner/Polymorphic_Algorithmic_Equality.bel#ceq STUCK:no-totality-measure deepest=ALL-GUARD zc=0/1
  [26/31] data/examples/polylam/normal.bel#normal2exp STUCK:no-move deepest=MIXED zc=0/3
  [27/31] data/examples/popl12/clos-eval.bel#eval STUCK:no-totality-measure deepest=ALL-GUARD zc=0/1
  [28/31] data/examples/polylam/normal.bel#norm STUCK:no-totality-measure deepest=MIXED zc=0/1
  [29/31] data/examples/small-step/subject-red.bel#tps' STUCK:no-move deepest=MIXED zc=0/2
  [30/31] data/examples/poplmark/pearl.bel#sound STUCK:no-move deepest=MIXED zc=0/2
  [31/31] data/examples/path/bred-nf.bel#path_exists STUCK:no-move deepest=MIXED zc=0/3
