
=== 8 targets, 292 "term-level constant" rejections ===

  114 (39%)  HEAD-is-ctxvar+HEAD-is-meta+ctxvar+meta
         fill: [g, x : name |- β≡ g g A[]]
         fill: [g, x : name |- β≡ g g A1[]]
         fill: [g, x : name |- β≡ g A[] g]
         fill: [g, x : name |- β≡ g A[] A[]]
   92 (32%)  (none of the above)
         lemma: let [ |- R] = subcomp [ |- d] in
         lemma: let [ |- _] = subcomp [ |- d] in
         lemma: let [ |- R] = subcomp [ |- d] in
         lemma: let [ |- _] = subcomp [ |- d] in
   27 ( 9%)  compvar+meta
         fill: [g |- algapp a1 X1]
         fill: [g |- algapp a1 R6]
         fill: [g |- algapp a1 R8]
         fill: [g |- algapp a1 X3]
   18 ( 6%)  HEAD-is-meta
         fill: algEqRTrans [g |- X] [g |- a1]
         fill: algEqRTrans [g |- X] [g |- f]
         fill: algEqRTrans [g |- X] [g |- a1]
         fill: algEqRTrans [g |- X] [g |- f]
   15 ( 5%)  compvar
         fill: [g |- algapp a1 algapp]
         fill: [g |- algapp a1 _]
         fill: [g |- algapp a1 algapp]
         fill: [g |- algapp a1 algapp]
   11 ( 4%)  ctxvar
         fill: [g, x : name |- β≡ g g g]
         fill: [g, x : name |- β≡ g g g]
         fill: [g, x : name |- β≡ g g g]
         fill: [g, x : name |- β≡ g g g]
    8 ( 3%)  HEAD-is-compvar
         fill: Syn [g |- X3]
         fill: Syn [g |- X3]
         fill: Syn [g |- X3]
         fill: Syn [g |- X3]
    7 ( 2%)  ctxvar+meta
         fill: [g, x : name |- β≡ g g X]
         fill: [g, x : name |- β≡ g g X]
         fill: [g, x : name |- β≡ g g X]
         fill: [g, x : name |- β≡ g g X]
