rebaseline: 850 targets, 0 already done, 850 to run
  [1/847] data/case-studies/classical-processes/cp.cfg#lin_name_must_appear COMPLETE [21 checks, 7.3s]  eta ~104m
  [2/847] data/case-studies/classical-processes/cp.cfg#dual_sym COMPLETE [242 checks, 28.3s]  eta ~200m
  [3/847] data/case-studies/classical-processes/cp.cfg#str_hyp COMPLETE [6 checks, 2.2s]  eta ~144m
  [4/847] data/case-studies/classical-processes/cp.cfg#str_step' STUCK:no-move [364 checks, 46.7s]  eta ~165m
  [5/847] data/case-studies/classical-processes/cp.cfg#dual_uniq COMPLETE [452 checks, 57.2s]  eta ~161m
  [6/847] data/case-studies/classical-processes/cp.cfg#str_step TIMEOUT [386 checks, 60.1s]  eta ~158m
  [7/847] data/case-studies/harmony-lemma-formalization/all.cfg#bs_in_rew_par1 STUCK:no-move [117 checks, 21.8s]  eta ~179m
  [8/847] data/case-studies/classical-processes/cp.cfg#str_lin TIMEOUT [237 checks, 60.2s]  eta ~159m
  [9/847] data/case-studies/classical-processes/cp.cfg#str_wtp TIMEOUT [214 checks, 60s]  eta ~166m
  [10/847] data/case-studies/harmony-lemma-formalization/all.cfg#bs_in_rew_res STUCK:no-move [79 checks, 17.3s]  eta ~152m
  [11/847] data/case-studies/harmony-lemma-formalization/all.cfg#bs_in_rew STUCK:no-move [12 checks, 4.5s]  eta ~141m
  [12/847] data/case-studies/harmony-lemma-formalization/all.cfg#bs_in_rew_par2 STUCK:no-move [137 checks, 26.8s]  eta ~135m
  [13/847] data/case-studies/classical-processes/cp.cfg#lin_s TIMEOUT [306 checks, 60.2s]  eta ~126m
  [14/847] data/case-studies/harmony-lemma-formalization/all.cfg#fs_out_rew_par1 STUCK:no-move [62 checks, 15.2s]  eta ~123m
  [15/847] data/case-studies/harmony-lemma-formalization/all.cfg#fs_out_rew STUCK:no-move [39 checks, 11.7s]  eta ~120m
  [16/847] data/case-studies/harmony-lemma-formalization/all.cfg#fs_out_rew_par2 STUCK:no-move [74 checks, 18.7s]  eta ~113m
  [17/847] data/case-studies/harmony-lemma-formalization/all.cfg#bs_out_rew_par1 STUCK:no-move [109 checks, 32.2s]  eta ~127m
  [18/847] data/case-studies/harmony-lemma-formalization/all.cfg#bs_out_rew_res STUCK:no-move [83 checks, 26.5s]  eta ~121m
  [19/847] data/case-studies/harmony-lemma-formalization/all.cfg#bs_out_rew_par2 STUCK:no-move [129 checks, 36.7s]  eta ~121m
  [20/847] data/case-studies/harmony-lemma-formalization/all.cfg#fs_out_rew_res TIMEOUT [223 checks, 60.1s]  eta ~122m
  [21/847] data/case-studies/harmony-lemma-formalization/all.cfg#bs_out_rew STUCK:no-move [55 checks, 19.7s]  eta ~116m
  [22/847] data/case-studies/harmony-lemma-formalization/all.cfg#bs_out_rew_open STUCK:no-move [139 checks, 45.8s]  eta ~127m
  [23/847] data/case-studies/harmony-lemma-formalization/all.cfg#fs_com1_impl_red_base STUCK:no-move [240 checks, 57.4s]  eta ~134m
  [24/847] data/case-studies/harmony-lemma-formalization/all.cfg#fs_com1_impl_red TIMEOUT [247 checks, 60.5s]  eta ~136m
  [25/847] data/case-studies/harmony-lemma-formalization/all.cfg#fs_com2_impl_red_base TIMEOUT [251 checks, 60.2s]  eta ~130m
  [26/847] data/case-studies/harmony-lemma-formalization/all.cfg#fs_com2_impl_red TIMEOUT [223 checks, 60.3s]  eta ~138m
  [27/847] data/case-studies/harmony-lemma-formalization/all.cfg#fs_close1_impl_red_base TIMEOUT [225 checks, 60.1s]  eta ~144m
  [28/847] data/case-studies/harmony-lemma-formalization/all.cfg#fstep_impl_red STUCK:no-move [19 checks, 8.8s]  eta ~143m
  [29/847] data/case-studies/harmony-lemma-formalization/all.cfg#fs_close1_impl_red TIMEOUT [203 checks, 60.1s]  eta ~140m
  [30/847] data/case-studies/harmony-lemma-formalization/all.cfg#fs_close2_impl_red_base TIMEOUT [209 checks, 60.1s]  eta ~135m
  [31/847] data/case-studies/harmony-lemma-formalization/all.cfg#strengthen_fstep STUCK:no-move [25 checks, 14s]  eta ~135m
  [32/847] data/case-studies/harmony-lemma-formalization/all.cfg#red_impl_red_rew_res STUCK:no-move [17 checks, 11.8s]  eta ~136m
  [33/847] data/case-studies/harmony-lemma-formalization/all.cfg#fs_close2_impl_red TIMEOUT [169 checks, 60s]  eta ~133m
  [34/847] data/case-studies/harmony-lemma-formalization/all.cfg#red_impl_red_rew_par STUCK:no-move [66 checks, 29.6s]  eta ~131m
  [35/847] data/case-studies/harmony-lemma-formalization/all.cfg#red_impl_red_rew STUCK:no-move [23 checks, 13.2s]  eta ~130m
  [36/847] data/case-studies/harmony-lemma-formalization/all.cfg#red_impl_fstepcong COMPLETE [7 checks, 6.1s]  eta ~129m
  [37/847] data/examples/bigstep-deterministic/sources.cfg#eq_refl COMPLETE [25 checks, 3.3s]  eta ~126m
  [38/847] data/examples/bigstep-deterministic/sources.cfg#eq_sym COMPLETE [27 checks, 2.5s]  eta ~124m
  [39/847] data/examples/bigstep-deterministic/sources.cfg#subst_respects_eq STUCK:no-totality-measure [46 checks, 3.4s]  eta ~122m
  [40/847] data/examples/bigstep-deterministic/sources.cfg#eval_respects_eq STUCK:no-move [24 checks, 1.8s]  eta ~119m
  [41/847] data/case-studies/harmony-lemma-formalization/all.cfg#cong_fstepleft_impl_fstepright TIMEOUT [157 checks, 60.9s]  eta ~118m
  [42/847] data/examples/cfg/test.cfg#free_var COMPLETE [3 checks, 0.4s]  eta ~115m
  [43/847] data/examples/church-rosser/test.cfg#identity COMPLETE [52 checks, 6s]  eta ~114m
  [44/847] data/examples/bigstep-deterministic/sources.cfg#deterministic STUCK:no-move [188 checks, 16.5s]  eta ~113m
  [45/847] data/case-studies/harmony-lemma-formalization/all.cfg#red_rew_impl_fstepcong STUCK:no-move [75 checks, 48.6s]  eta ~112m
  [46/847] data/case-studies/harmony-lemma-formalization/all.cfg#red_impl_red_rew_str TIMEOUT [133 checks, 60.4s]  eta ~110m
  [47/847] data/examples/church-rosser/test.cfg#append TIMEOUT [519 checks, 60.1s]  eta ~121m
  [48/847] data/examples/church-rosser/test.cfg#subst STUCK:no-totality-measure [610 checks, 60s]  eta ~120m
  [49/847] data/examples/church-rosser/test.cfg#dia STUCK:no-totality-measure [524 checks, 60.1s]  eta ~119m
  [50/847] data/examples/church-rosser/test.cfg#strip_lemma TIMEOUT [455 checks, 60.1s]  eta ~117m
  [51/847] data/examples/church-rosser/test.cfg#best_step STUCK:no-move [4 checks, 1.3s]  eta ~115m
  [52/847] data/examples/church-rosser/test.cfg#cr STUCK:no-totality-measure [341 checks, 54s]  eta ~124m
  [53/847] data/examples/church-rosser/test.cfg#conf TIMEOUT [426 checks, 60s]  eta ~121m
  [54/847] data/examples/church-rosser/test.cfg#eq2 STUCK:no-move [18 checks, 3.5s]  eta ~120m
  [55/847] data/examples/church-rosser/test.cfg#eq3 COMPLETE [42 checks, 7.4s]  eta ~119m
  [56/847] data/examples/church-rosser/test.cfg#appd STUCK:step-bound [420 checks, 58.9s]  eta ~117m
  [57/847] data/examples/church-rosser/test.cfg#eq1 TIMEOUT [419 checks, 60.1s]  eta ~116m
  [58/847] data/examples/church-rosser/test.cfg#sym_pconv COMPLETE [86 checks, 13.7s]  eta ~116m
  [59/847] data/examples/church-rosser/test.cfg#eq5 COMPLETE [103 checks, 16.4s]  eta ~114m
  [60/847] data/examples/church-rosser/test-crec-cover.cfg#identity COMPLETE [59 checks, 6.2s]  eta ~113m
  [61/847] data/examples/church-rosser/test.cfg#eq6 COMPLETE [105 checks, 15.3s]  eta ~111m
  [62/847] data/examples/church-rosser/test-crec-cover.cfg#append COMPLETE [39 checks, 5.7s]  eta ~110m
  [63/847] data/examples/church-rosser/test-crec-cover.cfg#dia STUCK:no-totality-measure [38 checks, 6s]  eta ~110m
  [64/847] data/examples/church-rosser/test.cfg#eq4 TIMEOUT [379 checks, 60.1s]  eta ~112m
  [65/847] data/examples/church-rosser/test.cfg#cr_ord STUCK:no-totality-measure [277 checks, 42.6s]  eta ~111m
  [66/847] data/examples/church-rosser/test-crec-cover.cfg#subst STUCK:no-totality-measure [579 checks, 60s]  eta ~114m
  [67/847] data/examples/church-rosser/test-crec-cover.cfg#appd COMPLETE [39 checks, 5.5s]  eta ~113m
  [68/847] data/examples/church-rosser/test-crec-cover.cfg#strip_lemma TIMEOUT [451 checks, 60.2s]  eta ~113m
  [69/847] data/examples/church-rosser/test-crec-cover.cfg#eq2 STUCK:no-totality-measure [38 checks, 5.6s]  eta ~112m
  [70/847] data/examples/church-rosser/test-crec-cover.cfg#eq3 COMPLETE [59 checks, 8s]  eta ~112m
  [71/847] data/examples/church-rosser/test-crec-cover.cfg#cr STUCK:no-totality-measure [341 checks, 51.5s]  eta ~110m
  [72/847] data/examples/church-rosser/test-crec-cover.cfg#conf TIMEOUT [440 checks, 60.1s]  eta ~109m
  [73/847] data/examples/church-rosser/test-crec-cover.cfg#eq5 COMPLETE [132 checks, 19s]  eta ~110m
  [74/847] data/examples/church-rosser/test-crec-cover.cfg#sym_pconv COMPLETE [205 checks, 28.9s]  eta ~111m
  [75/847] data/examples/church-rosser/test-crec-cover.cfg#eq1 STUCK:no-totality-measure [458 checks, 60.1s]  eta ~111m
  [76/847] data/examples/church-rosser/test-crec-cover.cfg#eq6 COMPLETE [177 checks, 25.2s]  eta ~110m
  [77/847] data/examples/church-rosser/test-crec-cover.cfg#eq4 STUCK:no-totality-measure [427 checks, 60.1s]  eta ~111m
  [78/847] data/examples/church-rosser/test-crec-cover.cfg#cr_ord STUCK:no-totality-measure [277 checks, 38.2s]  eta ~111m
  [79/847] data/examples/church-rosser/test-crec.cfg#subst STUCK:no-totality-measure [620 checks, 60.1s]  eta ~114m
  [80/847] data/examples/church-rosser/test-crec.cfg#dia STUCK:no-totality-measure [537 checks, 60s]  eta ~113m
  [81/847] data/examples/codatatypes/bisimulation/sources.cfg#sim_refl STUCK:coinductive-out-of-fragment [3 checks, 0.6s]  eta ~112m
  [82/847] data/examples/codatatypes/bisimulation/sources.cfg#sim_trans STUCK:coinductive-out-of-fragment [4 checks, 0.8s]  eta ~111m
  [83/847] data/examples/codatatypes/bisimulation/sources.cfg#bisim_refl STUCK:coinductive-out-of-fragment [3 checks, 0.6s]  eta ~109m
  [84/847] data/examples/codatatypes/bisimulation/sources.cfg#bisim_trans STUCK:coinductive-out-of-fragment [4 checks, 0.9s]  eta ~108m
  [85/847] data/examples/codatatypes/bisimulation/sources.cfg#bisim_sym STUCK:coinductive-out-of-fragment [3 checks, 0.7s]  eta ~107m
  [86/847] data/examples/church-rosser/test-crec.cfg#strip_lemma TIMEOUT [476 checks, 60s]  eta ~107m
  [87/847] data/examples/codatatypes/bisimulation/sources.cfg#simBisim STUCK:coinductive-out-of-fragment [2 checks, 0.6s]  eta ~106m
  [88/847] data/examples/compile/cls/test.cfg#append COMPLETE [50 checks, 4.4s]  eta ~105m
  [89/847] data/examples/compile/cls/test.cfg#subcomp STUCK:no-move [42 checks, 3.2s]  eta ~104m
  [90/847] data/examples/compile/cls/test.cfg#cev_complete STUCK:no-move [17 checks, 2.1s]  eta ~103m
  [91/847] data/examples/church-rosser/test-crec.cfg#conf TIMEOUT [497 checks, 60.1s]  eta ~102m
  [92/847] data/examples/codatatypes/bisimulation/sources.cfg#invsym COMPLETE [221 checks, 23.6s]  eta ~101m
  [93/847] data/examples/compile/cpm/test.cfg#ceval_complete STUCK:no-move [5 checks, 1.3s]  eta ~100m
  [94/847] data/examples/compile/cpm/test.cfg#csd STUCK:no-totality-measure [34 checks, 4.2s]  eta ~99m
  [95/847] data/examples/compile/debruijn/test.cfg#map_eval STUCK:no-totality-measure [65 checks, 5.7s]  eta ~99m
  [96/847] data/examples/church-rosser/test-crec.cfg#cr STUCK:no-totality-measure [341 checks, 44.6s]  eta ~98m
  [97/847] data/examples/compile/cpm/test.cfg#ccp STUCK:step-bound [175 checks, 15.8s]  eta ~97m
  [98/847] data/examples/compile/debruijn1/test.cfg#map_eval STUCK:no-totality-measure [134 checks, 7.5s]  eta ~96m
  [99/847] data/examples/fol/test.cfg#identity STUCK:file-errors [1 checks, 0.1s]  eta ~95m
  [100/847] data/examples/fol/test.cfg#identity'' STUCK:file-errors [1 checks, 0.1s]  eta ~94m
  [101/847] data/examples/fol/test.cfg#identity' STUCK:file-errors [1 checks, 0.1s]  eta ~93m
  [102/847] data/examples/fol/test.cfg#curry STUCK:file-errors [1 checks, 0.1s]  eta ~92m
  [103/847] data/examples/fol/test.cfg#uncurry STUCK:file-errors [1 checks, 0.1s]  eta ~91m
  [104/847] data/examples/fol/test.cfg#curry' STUCK:file-errors [1 checks, 0.1s]  eta ~90m
  [105/847] data/examples/fol/test.cfg#uncurry' STUCK:file-errors [1 checks, 0.1s]  eta ~89m
  [106/847] data/examples/fol/test.cfg#split STUCK:file-errors [1 checks, 0.1s]  eta ~88m
  [107/847] data/examples/fol/test.cfg#join STUCK:file-errors [1 checks, 0.1s]  eta ~87m
  [108/847] data/examples/lincx_mechanization/lincx.cfg#helper_eqeq2 COMPLETE [3 checks, 1.7s]  eta ~87m
  [109/847] data/examples/compile/cpm/test.cfg#ceval_sound STUCK:no-totality-measure [159 checks, 22.6s]  eta ~86m
  [110/847] data/examples/lincx_mechanization/lincx.cfg#ctx_eq_join COMPLETE [12 checks, 3.7s]  eta ~85m
  [111/847] data/examples/compile/debruijn1/test.cfg#map_eval' STUCK:no-totality-measure [240 checks, 15s]  eta ~85m
  [112/847] data/examples/lincx_mechanization/lincx.cfg#ctx_eq_unr COMPLETE [15 checks, 4.4s]  eta ~84m
  [113/847] data/examples/lincx_mechanization/lincx.cfg#ctx_eq_unrest COMPLETE [18 checks, 4.7s]  eta ~83m
  [114/847] data/examples/lincx_mechanization/lincx.cfg#ctx_unrest_unr COMPLETE [41 checks, 9.2s]  eta ~83m
  [115/847] data/examples/lincx_mechanization/lincx.cfg#ctx_unr_unrest COMPLETE [57 checks, 11.1s]  eta ~83m
  [116/847] data/examples/lincx_mechanization/lincx.cfg#unrest_repeat COMPLETE [59 checks, 10.9s]  eta ~82m
  [117/847] data/examples/lincx_mechanization/lincx.cfg#ue_helper1 COMPLETE [3 checks, 1.6s]  eta ~82m
  [118/847] data/examples/lincx_mechanization/lincx.cfg#ue_helper2 COMPLETE [3 checks, 1.7s]  eta ~81m
  [119/847] data/examples/lincx_mechanization/lincx.cfg#unrest_exist STUCK:no-totality-measure [13 checks, 3.5s]  eta ~81m
  [120/847] data/examples/lincx_mechanization/lincx.cfg#bin_join_comm COMPLETE [73 checks, 14.2s]  eta ~81m
  [121/847] data/examples/cut-elim/test.cfg#ca TIMEOUT [877 checks, 60s]  eta ~81m
  [122/847] data/examples/lincx_mechanization/lincx.cfg#unrest_unique COMPLETE [176 checks, 37.9s]  eta ~81m
  [123/847] data/examples/lincx_mechanization/lincx.cfg#ctxjoincomm STUCK:no-totality-measure [48 checks, 10s]  eta ~80m
  [124/847] data/examples/lincx_mechanization/lincx.cfg#lemma1_2a STUCK:no-totality-measure [50 checks, 10.2s]  eta ~80m
  [125/847] data/examples/lincx_mechanization/lincx.cfg#is_unr_mer TIMEOUT [362 checks, 60.1s]  eta ~80m
  [126/847] data/examples/lincx_mechanization/lincx.cfg#bin_join_eqnil COMPLETE [11 checks, 3.9s]  eta ~79m
  [127/847] data/examples/lincx_mechanization/lincx.cfg#exist_and STUCK:no-totality-measure [289 checks, 60.3s]  eta ~82m
  [128/847] data/examples/lincx_mechanization/lincx.cfg#helper1_2b STUCK:no-totality-measure [225 checks, 60s]  eta ~82m
  [129/847] data/examples/lincx_mechanization/lincx.cfg#bin_join_assoc TIMEOUT [330 checks, 60s]  eta ~83m
  [130/847] data/examples/lincx_mechanization/lincx.cfg#lemma1_2b STUCK:no-totality-measure [345 checks, 60s]  eta ~82m
  [131/847] data/examples/lincx_mechanization/lincx.cfg#ctxjoinasso1 STUCK:no-totality-measure [104 checks, 28.5s]  eta ~82m
  [132/847] data/examples/lincx_mechanization/lincx.cfg#ctxjoinasso2 STUCK:no-totality-measure [104 checks, 28.5s]  eta ~82m
  [133/847] data/examples/lincx_mechanization/lincx.cfg#helper1_6a STUCK:no-totality-measure [15 checks, 5.4s]  eta ~82m
  [134/847] data/examples/lincx_mechanization/lincx.cfg#helper1_6b STUCK:no-totality-measure [15 checks, 5.8s]  eta ~81m
  [135/847] data/examples/lincx_mechanization/lincx.cfg#ctxjoinunreq STUCK:no-totality-measure [237 checks, 60s]  eta ~84m
  [136/847] data/examples/lincx_mechanization/lincx.cfg#ctxjoinunreqb STUCK:no-totality-measure [224 checks, 60.2s]  eta ~83m
  [137/847] data/examples/lincx_mechanization/lincx.cfg#lemma1_6c COMPLETE [20 checks, 6.7s]  eta ~83m
  [138/847] data/examples/lincx_mechanization/lincx.cfg#ctxjoinmer STUCK:no-totality-measure [243 checks, 60s]  eta ~82m
  [139/847] data/examples/lincx_mechanization/lincx.cfg#lemma1_6d COMPLETE [19 checks, 6.7s]  eta ~82m
  [140/847] data/examples/lincx_mechanization/lincx.cfg#lemma1_6a STUCK:no-totality-measure [202 checks, 60.1s]  eta ~82m
  [141/847] data/examples/lincx_mechanization/lincx.cfg#lemma1_6b COMPLETE [163 checks, 48.2s]  eta ~83m
  [142/847] data/examples/lincx_mechanization/lincx.cfg#is_unr_joinb COMPLETE [233 checks, 55.6s]  eta ~84m
  [143/847] data/examples/lincx_mechanization/lincx.cfg#is_unr_join STUCK:no-totality-measure [266 checks, 60s]  eta ~84m
  [144/847] data/examples/lincx_mechanization/lincx.cfg#transfer STUCK:no-totality-measure [31 checks, 10.3s]  eta ~84m
  [145/847] data/examples/lincx_mechanization/lincx.cfg#sstu_helper2_1 COMPLETE [9 checks, 3.9s]  eta ~84m
  [146/847] data/examples/lincx_mechanization/lincx.cfg#is_unr_join_comm STUCK:no-totality-measure [274 checks, 60.2s]  eta ~83m
  [147/847] data/examples/lincx_mechanization/lincx.cfg#is_unr_join_commb COMPLETE [233 checks, 57.8s]  eta ~84m
  [148/847] data/examples/lincx_mechanization/lincx.cfg#sstu_helper4 COMPLETE [7 checks, 3.2s]  eta ~83m
  [149/847] data/examples/lincx_mechanization/lincx.cfg#sstu_helper1 TIMEOUT [211 checks, 60.1s]  eta ~84m
  [150/847] data/examples/lincx_mechanization/lincx.cfg#unr_uniqueness COMPLETE [190 checks, 49.1s]  eta ~84m
  [151/847] data/examples/lincx_mechanization/lincx.cfg#sstu_helper2 STUCK:no-totality-measure [268 checks, 60s]  eta ~84m
  [152/847] data/examples/lincx_mechanization/lincx.cfg#subst_split_h2 STUCK:no-totality-measure [35 checks, 12.6s]  eta ~84m
  [153/847] data/examples/poplmark-reloaded/sources.cfg#mstep_appl COMPLETE [67 checks, 8.1s]  eta ~84m
  [154/847] data/examples/poplmark-reloaded/sources.cfg#mstep_appr COMPLETE [67 checks, 8.5s]  eta ~84m
  [155/847] data/examples/lincx_mechanization/lincx.cfg#sim_subst_tp_unr TIMEOUT [182 checks, 60.1s]  eta ~83m
  [156/847] data/examples/lincx_mechanization/lincx.cfg#subst_split STUCK:no-totality-measure [73 checks, 25.3s]  eta ~83m
  [157/847] data/examples/poplmark-reloaded/sources.cfg#subst_mred STUCK:no-totality-measure [29 checks, 3.8s]  eta ~82m
  [158/847] data/examples/poplmark-reloaded/sources.cfg#varSn STUCK:no-move [11 checks, 2.1s]  eta ~82m
  [159/847] data/examples/lincx_mechanization/lincx.cfg#subst_split_h1 STUCK:no-totality-measure [218 checks, 60.2s]  eta ~82m
  [160/847] data/examples/poplmark-reloaded/sources.cfg#mstep_abs STUCK:no-move [234 checks, 27.6s]  eta ~82m
  [161/847] data/examples/poplmark-reloaded/sources.cfg#app_sna COMPLETE [83 checks, 11.5s]  eta ~82m
  [162/847] data/examples/poplmark-reloaded/sources.cfg#app_snb COMPLETE [84 checks, 11.7s]  eta ~81m
  [163/847] data/examples/poplmark-reloaded/sources.cfg#abs_sn STUCK:step-bound [315 checks, 41.9s]  eta ~82m
  [164/847] data/examples/poplmark-reloaded/sources.cfg#mstep_sn TIMEOUT [504 checks, 60.1s]  eta ~82m
  [165/847] data/examples/poplmark-reloaded/sources.cfg#app_abs_sn TIMEOUT [469 checks, 60.1s]  eta ~84m
  [166/847] data/examples/poplmark-reloaded/sources.cfg#app_sn TIMEOUT [418 checks, 60.3s]  eta ~83m
  [167/847] data/examples/poplmark-reloaded/sources.cfg#neutralSNe STUCK:no-move [9 checks, 2.2s]  eta ~83m
  [168/847] data/examples/poplmark-reloaded/sources.cfg#confluence STUCK:step-bound [364 checks, 57.5s]  eta ~83m
  [169/847] data/examples/poplmark-reloaded/sources.cfg#soundSN STUCK:no-move [52 checks, 10s]  eta ~82m
  [170/847] data/examples/poplmark-reloaded/sources.cfg#anti_renameSNe STUCK:no-move [7 checks, 1.7s]  eta ~82m
  [171/847] data/examples/poplmark-reloaded/sources.cfg#renameSN STUCK:no-move [28 checks, 5.6s]  eta ~81m
  [172/847] data/examples/poplmark-reloaded/sources.cfg#bc_aux TIMEOUT [362 checks, 60.1s]  eta ~81m
  [173/847] data/examples/poplmark-reloaded/sources.cfg#rename_red STUCK:no-move [180 checks, 36.3s]  eta ~82m
  [174/847] data/examples/poplmark-reloaded/sources.cfg#red_var STUCK:no-move [5 checks, 1.5s]  eta ~82m
  [175/847] data/examples/poplmark-reloaded/sources.cfg#fundVar STUCK:no-move [11 checks, 2.9s]  eta ~81m
  [176/847] data/examples/poplmark-reloaded/sources.cfg#backwards_closure TIMEOUT [338 checks, 60.1s]  eta ~81m
  [177/847] data/examples/poplmark-reloaded/sources.cfg#id_red STUCK:no-move [3 checks, 1.4s]  eta ~80m
  [178/847] data/examples/poplmark-reloaded/sources.cfg#fundamental_lemma STUCK:no-move [13 checks, 4.2s]  eta ~80m
  [179/847] data/examples/poplmark-reloaded/sources.cfg#norm STUCK:no-move [15 checks, 4.1s]  eta ~80m
  [180/847] data/examples/poplmark-reloaded+/sources.cfg#mstep_appl COMPLETE [67 checks, 15.5s]  eta ~80m
  [181/847] data/examples/poplmark-reloaded+/sources.cfg#mstep_appr COMPLETE [67 checks, 16.3s]  eta ~79m
  [182/847] data/examples/poplmark-reloaded+/sources.cfg#mstep_inl COMPLETE [67 checks, 15.9s]  eta ~80m
  [183/847] data/examples/poplmark-reloaded+/sources.cfg#mstep_inr COMPLETE [67 checks, 15.1s]  eta ~80m
  [184/847] data/examples/poplmark-reloaded/sources.cfg#ext_SN CANCELLED:no-output [- checks, -s]  eta ~80m
  [185/847] data/examples/poplmark-reloaded+/sources.cfg#mstep_abs STUCK:no-move [234 checks, 46.5s]  eta ~80m
  [186/847] data/examples/poplmark-reloaded/sources.cfg#cr1 CANCELLED:no-output [- checks, -s]  eta ~80m
  [187/847] data/examples/poplmark-reloaded+/sources.cfg#subst_mred STUCK:no-totality-measure [34 checks, 8.2s]  eta ~80m
  [188/847] data/examples/poplmark-reloaded+/sources.cfg#mstep_match STUCK:no-move [245 checks, 48.7s]  eta ~80m
  [189/847] data/examples/poplmark-reloaded+/sources.cfg#varSn STUCK:no-move [11 checks, 4.4s]  eta ~80m
  [190/847] data/examples/poplmark-reloaded+/sources.cfg#mstep_matchl STUCK:no-move [239 checks, 50.3s]  eta ~80m
  [191/847] data/examples/poplmark-reloaded+/sources.cfg#mstep_matchr STUCK:no-move [251 checks, 53.5s]  eta ~80m
  [192/847] data/examples/poplmark-reloaded+/sources.cfg#app_sna COMPLETE [83 checks, 22.7s]  eta ~80m
  [193/847] data/examples/poplmark-reloaded+/sources.cfg#mstep_sn TIMEOUT [262 checks, 60.2s]  eta ~80m
  [194/847] data/examples/poplmark-reloaded+/sources.cfg#app_snb COMPLETE [84 checks, 22.7s]  eta ~79m
  [195/847] data/examples/poplmark-reloaded+/sources.cfg#abs_sn TIMEOUT [214 checks, 60s]  eta ~80m
  [196/847] data/examples/poplmark-reloaded+/sources.cfg#case_sna STUCK:no-move [112 checks, 28.6s]  eta ~80m
  [197/847] data/examples/poplmark-reloaded+/sources.cfg#case_snb STUCK:no-move [39 checks, 10s]  eta ~80m
  [198/847] data/examples/poplmark-reloaded+/sources.cfg#case_snc STUCK:no-move [39 checks, 10.2s]  eta ~79m
  [199/847] data/examples/poplmark-reloaded+/sources.cfg#inl_sn COMPLETE [234 checks, 55.7s]  eta ~80m
  [200/847] data/examples/poplmark-reloaded+/sources.cfg#inr_sn COMPLETE [234 checks, 55.7s]  eta ~79m
  [201/847] data/examples/poplmark-reloaded+/sources.cfg#neu_step STUCK:no-move [152 checks, 40.7s]  eta ~80m
  [202/847] data/examples/poplmark-reloaded+/sources.cfg#app_abs_sn TIMEOUT [224 checks, 60.2s]  eta ~80m
  [203/847] data/examples/poplmark-reloaded+/sources.cfg#app_sn TIMEOUT [197 checks, 60.3s]  eta ~81m
  [204/847] data/examples/poplmark-reloaded+/sources.cfg#match_sn TIMEOUT [191 checks, 60.1s]  eta ~80m
  [205/847] data/examples/poplmark-reloaded+/sources.cfg#casel_sn TIMEOUT [182 checks, 60.1s]  eta ~81m
  [206/847] data/examples/poplmark-reloaded+/sources.cfg#caser_sn TIMEOUT [177 checks, 60.1s]  eta ~82m
  [207/847] data/examples/poplmark-reloaded+/sources.cfg#confluence TIMEOUT [167 checks, 60s]  eta ~82m
  [208/847] data/examples/poplmark-reloaded+/sources.cfg#bc_aux_app TIMEOUT [139 checks, 60.3s]  eta ~81m
  [209/847] data/examples/poplmark-reloaded+/sources.cfg#neutralSNe STUCK:no-move [17 checks, 8.6s]  eta ~81m
  [210/847] data/examples/poplmark-reloaded+/sources.cfg#bc_aux_sum TIMEOUT [141 checks, 60s]  eta ~82m
  [211/847] data/examples/poplmark-reloaded+/sources.cfg#soundSN STUCK:no-move [52 checks, 25.7s]  eta ~81m
  [212/847] data/examples/poplmark-reloaded+/sources.cfg#anti_renameSNe STUCK:no-totality-measure [7 checks, 4.1s]  eta ~81m
  [213/847] data/examples/poplmark-reloaded+/sources.cfg#renameSN STUCK:no-totality-measure [55 checks, 27.1s]  eta ~80m
  [214/847] data/examples/poplmark-reloaded+/sources.cfg#backwards_closure TIMEOUT [131 checks, 60.2s]  eta ~80m
  [215/847] data/examples/poplmark-reloaded+/sources.cfg#red_var STUCK:no-move [5 checks, 2.9s]  eta ~80m
  [216/847] data/examples/poplmark-reloaded+/sources.cfg#rename_red STUCK:no-totality-measure [35 checks, 18.1s]  eta ~80m
  [217/847] data/examples/poplmark-reloaded+/sources.cfg#fundVar STUCK:no-move [13 checks, 7.4s]  eta ~79m
  [218/847] data/examples/poplmark-reloaded+/sources.cfg#eq_red COMPLETE [16 checks, 9.1s]  eta ~79m
  [219/847] data/examples/poplmark-reloaded+/sources.cfg#fundamental_lemma STUCK:no-totality-measure [10 checks, 6s]  eta ~79m
  [220/847] data/examples/poplmark-reloaded+/sources.cfg#id_red STUCK:no-move [3 checks, 2.3s]  eta ~78m
  [221/847] data/examples/poplmark-reloaded+/sources.cfg#norm STUCK:no-move [6 checks, 4s]  eta ~78m
  [222/847] data/examples/tapl/ch3/sources.cfg#deterministic COMPLETE [55 checks, 5.4s]  eta ~78m
  [223/847] data/examples/tapl/ch3/sources.cfg#det STUCK:no-totality-measure [82 checks, 9.7s]  eta ~77m
  [224/847] data/examples/tapl/ch3/sources.cfg#lemma_val_2 COMPLETE [15 checks, 2.2s]  eta ~77m
  [225/847] data/examples/tapl/ch3/sources.cfg#lemma_val_1 COMPLETE [65 checks, 7.1s]  eta ~77m
  [226/847] data/examples/tapl/ch3/sources.cfg#m_trans COMPLETE [36 checks, 3.6s]  eta ~77m
  [227/847] data/examples/tapl/ch3/sources.cfg#sound COMPLETE [19 checks, 2.6s]  eta ~76m
  [228/847] data/examples/tapl/ch3/sources.cfg#complete COMPLETE [21 checks, 2.7s]  eta ~76m
  [229/847] data/examples/tapl/ch3/sources.cfg#mstep_if COMPLETE [37 checks, 4.1s]  eta ~76m
  [230/847] data/examples/tapl/ch3/sources.cfg#terminate STUCK:no-move [8 checks, 1.2s]  eta ~75m
  [231/847] data/examples/tapl/ch3/sources.cfg#values_dont_step COMPLETE [7 checks, 1.4s]  eta ~75m
  [232/847] data/examples/tapl/ch3/sources.cfg#eval COMPLETE [3 checks, 0.9s]  eta ~74m
  [233/847] data/examples/poplmark-reloaded+/sources.cfg#cr1 TIMEOUT [2 checks, 63.2s]  eta ~74m
  [234/847] data/examples/tapl/ch3+arith/sources.cfg#multi_tps COMPLETE [37 checks, 6.2s]  eta ~74m
  [235/847] data/examples/tapl/ch3+arith/sources.cfg#mstep_switch COMPLETE [36 checks, 6.2s]  eta ~74m
  [236/847] data/examples/tapl/ch3+arith/sources.cfg#mstep_succ COMPLETE [34 checks, 5.9s]  eta ~74m
  [237/847] data/examples/tapl/ch3+arith/sources.cfg#mstep_pred COMPLETE [34 checks, 5.7s]  eta ~73m
  [238/847] data/examples/tapl/ch3+arith/sources.cfg#mstep_iszero COMPLETE [34 checks, 6.6s]  eta ~73m
  [239/847] data/examples/tapl/ch3+arith/sources.cfg#terminate STUCK:no-move [5 checks, 2.2s]  eta ~73m
  [240/847] data/examples/tapl/ch3/sources.cfg#unique STUCK:no-totality-measure [680 checks, 60.1s]  eta ~73m
  [241/847] data/examples/poplmark-reloaded+/sources.cfg#ext_SN CANCELLED:no-output [- checks, -s]  eta ~72m
  [242/847] data/examples/tapl/ch3+arith/sources.cfg#natval_dont_step COMPLETE [24 checks, 8.9s]  eta ~72m
  [243/847] data/examples/tapl/ch3+arith/sources.cfg#det STUCK:no-totality-measure [27 checks, 8.7s]  eta ~72m
  [244/847] data/examples/tapl/ch3+arith/sources.cfg#tps COMPLETE [259 checks, 46.6s]  eta ~71m
  [245/847] data/examples/tapl/ch3+arith/sources.cfg#sound COMPLETE [19 checks, 5s]  eta ~71m
  [246/847] data/examples/tapl/ch3+arith/sources.cfg#m_trans COMPLETE [36 checks, 7.9s]  eta ~71m
  [247/847] data/examples/tapl/ch3+arith/sources.cfg#step COMPLETE [3 checks, 1.4s]  eta ~70m
  [248/847] data/examples/tapl/ch3+arith/sources.cfg#mstep COMPLETE [3 checks, 1.2s]  eta ~70m
  [249/847] data/examples/tapl/ch3+arith/sources.cfg#complete COMPLETE [22 checks, 6.3s]  eta ~70m
  [250/847] data/examples/tapl/ch3+arith/sources.cfg#vsound COMPLETE [29 checks, 8.8s]  eta ~70m
  [251/847] data/examples/tapl/ch3+arith/sources.cfg#lemma_val STUCK:no-totality-measure [271 checks, 58.4s]  eta ~70m
  [252/847] data/examples/tapl/ch3+arith/sources.cfg#eval COMPLETE [3 checks, 1.3s]  eta ~70m
  [253/847] data/examples/tapl/ch3+arith/sources.cfg#vself STUCK:no-totality-measure [167 checks, 39.5s]  eta ~70m
  [254/847] data/examples/tapl/ch3+arith/sources.cfg#vs COMPLETE [3 checks, 1.3s]  eta ~69m
  [255/847] data/examples/tapl/ch3+arith/sources.cfg#unique STUCK:no-totality-measure [334 checks, 60.1s]  eta ~69m
  [256/847] data/examples/tapl/ch3+arith/sources.cfg#big_to_small TIMEOUT [245 checks, 60.3s]  eta ~70m
  [257/847] data/examples/tapl/ch3+arith/sources.cfg#pred_lemma TIMEOUT [293 checks, 60.1s]  eta ~71m
  [258/847] data/examples/tapl/ch3+arith/sources.cfg#succ_lemma TIMEOUT [289 checks, 60s]  eta ~70m
  [259/847] data/examples/tapl/ch3+arith/sources.cfg#iszero_lemma TIMEOUT [287 checks, 60.1s]  eta ~70m
  [260/847] data/examples/tapl/ch3+arith+leq/sources.cfg#natval_dont_step COMPLETE [46 checks, 8.7s]  eta ~70m
  [261/847] data/examples/tapl/ch3+arith+leq/sources.cfg#det STUCK:no-totality-measure [27 checks, 4.8s]  eta ~70m
  [262/847] data/examples/tapl/ch3+arith/sources.cfg#switch_lemma TIMEOUT [281 checks, 60.1s]  eta ~70m
  [263/847] data/examples/tapl/ch3+arith/sources.cfg#values_mstep_to_themselves TIMEOUT [299 checks, 60.1s]  eta ~70m
  [264/847] data/examples/tapl/ch3+arith/sources.cfg#small_to_big TIMEOUT [311 checks, 60s]  eta ~70m
  [265/847] data/examples/tapl/ch3+arith+leq/sources.cfg#lemma_val STUCK:no-totality-measure [275 checks, 44.4s]  eta ~70m
  [266/847] data/examples/tapl/ch3+arith+leq/sources.cfg#sound COMPLETE [19 checks, 4s]  eta ~69m
  [267/847] data/examples/tapl/ch3+arith+leq/sources.cfg#m_trans COMPLETE [36 checks, 6.4s]  eta ~69m
  [268/847] data/examples/tapl/ch3+arith+leq/sources.cfg#complete COMPLETE [21 checks, 4.7s]  eta ~69m
  [269/847] data/examples/tapl/ch3+arith+leq/sources.cfg#mstep_switch COMPLETE [37 checks, 6.4s]  eta ~69m
  [270/847] data/examples/tapl/ch3+arith+leq/sources.cfg#mstep_succ COMPLETE [34 checks, 6s]  eta ~68m
  [271/847] data/examples/tapl/ch3+arith+leq/sources.cfg#mstep_pred COMPLETE [34 checks, 6.3s]  eta ~68m
  [272/847] data/examples/tapl/ch3+arith+leq/sources.cfg#mstep_iszero COMPLETE [34 checks, 6.4s]  eta ~68m
  [273/847] data/examples/tapl/ch3+arith+leq/sources.cfg#mstep_leq_1 COMPLETE [37 checks, 7s]  eta ~67m
  [274/847] data/examples/tapl/ch3+arith+leq/sources.cfg#mstep_leq_v STUCK:no-move [8 checks, 2.7s]  eta ~67m
  [275/847] data/examples/tapl/ch3+arith+leq/sources.cfg#terminate STUCK:no-move [8 checks, 2s]  eta ~67m
  [276/847] data/examples/tapl/ch3+arith+leq/sources.cfg#isvalue COMPLETE [3 checks, 1.1s]  eta ~66m
  [277/847] data/examples/tapl/ch3+arith+leq/sources.cfg#small_step COMPLETE [3 checks, 1.1s]  eta ~66m
  [278/847] data/examples/tapl/ch3+arith+leq/sources.cfg#mstep COMPLETE [3 checks, 1s]  eta ~66m
  [279/847] data/examples/tapl/ch3+arith+leq/sources.cfg#eval COMPLETE [3 checks, 1s]  eta ~66m
  [280/847] data/examples/tapl/ch3+arith+leq/sources.cfg#unique STUCK:no-totality-measure [406 checks, 60.1s]  eta ~65m
  [281/847] data/examples/tapl/ch3+arith+leq/sources.cfg#equal COMPLETE [3 checks, 1.3s]  eta ~65m
  [282/847] data/examples/tapl/ch3+arith+leq/sources.cfg#infer COMPLETE [3 checks, 1.2s]  eta ~65m
  [283/847] data/examples/tapl/ch3+arith+leq/sources.cfg#small_step_cont COMPLETE [3 checks, 1.1s]  eta ~64m
  [284/847] data/examples/arith/arith.bel#plus COMPLETE [2 checks, 0.3s]  eta ~64m
  [285/847] data/examples/tapl/ch3+arith+leq/sources.cfg#mstep' COMPLETE [3 checks, 1.2s]  eta ~64m
  [286/847] data/examples/arith/arith.bel#plus' COMPLETE [2 checks, 0.3s]  eta ~63m
  [287/847] data/examples/arith/arith.bel#mult COMPLETE [2 checks, 0.3s]  eta ~63m
  [288/847] data/examples/arith/arith.bel#mult' COMPLETE [2 checks, 0.3s]  eta ~63m
  [289/847] data/examples/arith/arith.bel#fact COMPLETE [2 checks, 0.3s]  eta ~62m
  [290/847] data/examples/bigstep-deterministic/alternate.bel#deterministic STUCK:file-errors [1 checks, 0.1s]  eta ~62m
  [291/847] data/examples/back/tc.bel#synth COMPLETE [3 checks, 0.5s]  eta ~62m
  [292/847] data/examples/church-rosser/par-cr-crec-1.bel#subst STUCK:file-errors [1 checks, 0.1s]  eta ~61m
  [293/847] data/examples/church-rosser/par-cr-crec-1.bel#dia STUCK:file-errors [1 checks, 0.1s]  eta ~61m
  [294/847] data/examples/church-rosser/par-cr-crec-1.bel#strip_lemma STUCK:file-errors [1 checks, 0.1s]  eta ~61m
  [295/847] data/examples/church-rosser/par-cr-crec-1.bel#conf STUCK:file-errors [1 checks, 0.1s]  eta ~60m
  [296/847] data/examples/church-rosser/par-cr-crec-1.bel#cr STUCK:file-errors [1 checks, 0.1s]  eta ~60m
  [297/847] data/examples/codatatypes/howes-method/howe-total.bel#sim_refl STUCK:coinductive-out-of-fragment [1 checks, 0.6s]  eta ~60m
  [298/847] data/examples/codatatypes/howes-method/howe-total.bel#sim_trans STUCK:coinductive-out-of-fragment [4 checks, 1.4s]  eta ~60m
  [299/847] data/examples/codatatypes/howes-method/howe-total.bel#sim_osim STUCK:coinductive-out-of-fragment [4 checks, 1.7s]  eta ~59m
  [300/847] data/examples/codatatypes/howes-method/howe-total.bel#osim_refl STUCK:coinductive-out-of-fragment [2 checks, 1s]  eta ~59m
  [301/847] data/examples/codatatypes/howes-method/howe-total.bel#osim_cus STUCK:coinductive-out-of-fragment [7 checks, 2.1s]  eta ~59m
  [302/847] data/examples/codatatypes/howes-method/howe-total.bel#osim_trans STUCK:coinductive-out-of-fragment [13 checks, 3.4s]  eta ~58m
  [303/847] data/examples/codatatypes/howes-method/howe-total.bel#howe_refl STUCK:no-move [6 checks, 1.4s]  eta ~58m
  [304/847] data/examples/tapl/ch3+arith+leq/sources.cfg#mstep_leq_2 COMPLETE [216 checks, 37.7s]  eta ~58m
  [305/847] data/examples/codatatypes/howes-method/howe-total.bel#osim_howe STUCK:no-move [92 checks, 13s]  eta ~58m
  [306/847] data/examples/codatatypes/howes-method/howe-total.bel#howe_subst_refl STUCK:no-move [3 checks, 1.1s]  eta ~58m
  [307/847] data/examples/codatatypes/howes-method/howe-total.bel#sim_howe COMPLETE [11 checks, 2.6s]  eta ~57m
  [308/847] data/examples/codatatypes/howes-method/howe-total.bel#howe_ren STUCK:no-move [12 checks, 2.9s]  eta ~57m
  [309/847] data/examples/codatatypes/howes-method/howe-total.bel#howe_subst_wkn STUCK:no-move [65 checks, 11.9s]  eta ~57m
  [310/847] data/examples/codatatypes/howes-method/howe-total.bel#howe_osim_trans STUCK:no-move [243 checks, 29.5s]  eta ~57m
  [311/847] data/examples/codatatypes/howes-method/howe-total.bel#howe_ev_abs STUCK:no-move [27 checks, 5.9s]  eta ~57m
  [312/847] data/examples/codatatypes/howes-method/howe-total.bel#howe_subst_var STUCK:no-move [111 checks, 16s]  eta ~57m
  [313/847] data/examples/tapl/ch3+arith+leq/sources.cfg#tps STUCK:step-bound [289 checks, 54.7s]  eta ~56m
  [314/847] data/examples/codatatypes/howes-method/howe-total.bel#howe_ev_unit STUCK:no-move [80 checks, 13.9s]  eta ~56m
  [315/847] data/examples/codatatypes/howes-method/howe-total.bel#abs_sim_trans STUCK:coinductive-out-of-fragment [29 checks, 4.4s]  eta ~56m
  [316/847] data/examples/codatatypes/howes-method/howe-total.bel#sim_lam STUCK:coinductive-out-of-fragment [10 checks, 2.1s]  eta ~56m
  [317/847] data/examples/codatatypes/howes-method/howe-total.bel#howe_ev_nil STUCK:no-move [143 checks, 24s]  eta ~56m
  [318/847] data/examples/codatatypes/howes-method/howe-total.bel#ev_value COMPLETE [31 checks, 6.3s]  eta ~56m
  [319/847] data/examples/codatatypes/howes-method/howe-total.bel#ev_val COMPLETE [25 checks, 5.8s]  eta ~55m
  [320/847] data/examples/codatatypes/howes-method/howe-total.bel#ev_sim' STUCK:coinductive-out-of-fragment [82 checks, 16.5s]  eta ~56m
  [321/847] data/examples/codatatypes/howes-method/howe-total.bel#howe_subst STUCK:no-move [434 checks, 59.3s]  eta ~55m
  [322/847] data/examples/codatatypes/howes-method/howe-total.bel#fix_sim STUCK:coinductive-out-of-fragment [6 checks, 1.6s]  eta ~55m
  [323/847] data/examples/codatatypes/howes-method/howe-total.bel#howe_ev_cons TIMEOUT [357 checks, 60.1s]  eta ~55m
  [324/847] data/examples/codatatypes/howes-method/howe-total.bel#case_nil_sim STUCK:coinductive-out-of-fragment [77 checks, 17s]  eta ~55m
  [325/847] data/examples/codatatypes/howes-method/howe-total.bel#ev_sim STUCK:coinductive-out-of-fragment [137 checks, 30.1s]  eta ~55m
  [326/847] data/examples/codatatypes/howes-method/howe-total.bel#case_cons_sim STUCK:coinductive-out-of-fragment [82 checks, 19.6s]  eta ~55m
  [327/847] data/examples/codatatypes/howes-method/howe-total.bel#howe_sim STUCK:coinductive-out-of-fragment [4 checks, 1.8s]  eta ~55m
  [328/847] data/examples/codatatypes/howes-method/howe-total.bel#howe_osim STUCK:coinductive-out-of-fragment [5 checks, 2.1s]  eta ~54m
  [329/847] data/examples/codatatypes/howes-method/howe-total.bel#ev_det TIMEOUT [309 checks, 60.1s]  eta ~54m
  [330/847] data/examples/codatatypes/howes-method/howe-total.bel#sim_cong_app STUCK:coinductive-out-of-fragment [4 checks, 1.6s]  eta ~54m
  [331/847] data/examples/codatatypes/howes-method/howe-total.bel#sim_lemma2 STUCK:coinductive-out-of-fragment [1 checks, 0.6s]  eta ~54m
  [332/847] data/examples/codatatypes/howes-method/howe-total.bel#sim_lemma1 STUCK:coinductive-out-of-fragment [13 checks, 4s]  eta ~53m
  [333/847] data/examples/codatatypes/howes-method/howe-total.bel#sim_two_succ_one STUCK:coinductive-out-of-fragment [1 checks, 0.6s]  eta ~53m
  [334/847] data/examples/codatatypes/howes-method/howe.bel#sim_refl STUCK:coinductive-out-of-fragment [1 checks, 0.6s]  eta ~53m
  [335/847] data/examples/codatatypes/howes-method/howe.bel#sim_trans STUCK:coinductive-out-of-fragment [4 checks, 1.2s]  eta ~53m
  [336/847] data/examples/codatatypes/howes-method/howe.bel#sim_osim STUCK:coinductive-out-of-fragment [4 checks, 1.5s]  eta ~53m
  [337/847] data/examples/codatatypes/howes-method/howe.bel#osim_refl STUCK:coinductive-out-of-fragment [2 checks, 0.9s]  eta ~52m
  [338/847] data/examples/codatatypes/howes-method/howe.bel#osim_trans STUCK:coinductive-out-of-fragment [13 checks, 3.3s]  eta ~52m
  [339/847] data/examples/codatatypes/howes-method/howe.bel#osim_cus STUCK:coinductive-out-of-fragment [7 checks, 1.9s]  eta ~52m
  [340/847] data/examples/codatatypes/howes-method/howe-total.bel#down_closed TIMEOUT [264 checks, 60.2s]  eta ~52m
  [341/847] data/examples/codatatypes/howes-method/howe.bel#howe_refl STUCK:no-totality-measure [5 checks, 1.1s]  eta ~52m
  [342/847] data/examples/codatatypes/howes-method/howe-total.bel#ev1 TIMEOUT [239 checks, 60.2s]  eta ~52m
  [343/847] data/examples/codatatypes/howes-method/howe-total.bel#howe_cong_app TIMEOUT [238 checks, 60s]  eta ~52m
  [344/847] data/examples/codatatypes/howes-method/howe.bel#sim_howe COMPLETE [11 checks, 2s]  eta ~52m
  [345/847] data/examples/codatatypes/howes-method/howe.bel#howe_subst_refl STUCK:no-move [3 checks, 0.9s]  eta ~51m
  [346/847] data/examples/codatatypes/howes-method/howe.bel#osim_howe STUCK:no-move [103 checks, 12.9s]  eta ~51m
  [347/847] data/examples/codatatypes/howes-method/howe.bel#howe_subst_wkn STUCK:no-totality-measure [82 checks, 12.5s]  eta ~51m
  [348/847] data/examples/codatatypes/howes-method/howe.bel#howe_subst_var STUCK:no-move [111 checks, 14.5s]  eta ~51m
  [349/847] data/examples/codatatypes/howes-method/howe.bel#howe_osim_trans TIMEOUT [563 checks, 60s]  eta ~51m
  [350/847] data/examples/codatatypes/howes-method/howe.bel#howe_ren STUCK:no-move [194 checks, 23.6s]  eta ~51m
  [351/847] data/examples/codatatypes/howes-method/howe.bel#howe_ev_abs STUCK:no-move [31 checks, 11.1s]  eta ~51m
  [352/847] data/examples/codatatypes/howes-method/howe.bel#howe_ev_unit STUCK:no-move [80 checks, 13.3s]  eta ~50m
  [353/847] data/examples/codatatypes/howes-method/howe.bel#abs_sim_trans STUCK:coinductive-out-of-fragment [23 checks, 4.8s]  eta ~50m
  [354/847] data/examples/codatatypes/howes-method/howe.bel#sim_lam STUCK:coinductive-out-of-fragment [6 checks, 1.4s]  eta ~50m
  [355/847] data/examples/codatatypes/howes-method/howe.bel#sim_cons STUCK:coinductive-out-of-fragment [4 checks, 1.3s]  eta ~50m
  [356/847] data/examples/codatatypes/howes-method/howe.bel#ev_value COMPLETE [28 checks, 5.7s]  eta ~50m
  [357/847] data/examples/codatatypes/howes-method/howe.bel#howe_ev_nil STUCK:no-move [143 checks, 24.1s]  eta ~50m
  [358/847] data/examples/codatatypes/howes-method/howe.bel#ev_val COMPLETE [15 checks, 4.4s]  eta ~50m
  [359/847] data/examples/codatatypes/howes-method/howe.bel#ev_sim' STUCK:coinductive-out-of-fragment [28 checks, 7.4s]  eta ~49m
  [360/847] data/examples/codatatypes/howes-method/howe.bel#ev_sim STUCK:coinductive-out-of-fragment [30 checks, 8.3s]  eta ~49m
  [361/847] data/examples/codatatypes/howes-method/howe.bel#fix_sim STUCK:coinductive-out-of-fragment [4 checks, 1.2s]  eta ~49m
  [362/847] data/examples/codatatypes/howes-method/howe.bel#howe_subst TIMEOUT [408 checks, 60s]  eta ~49m
  [363/847] data/examples/codatatypes/howes-method/howe.bel#case_nil_sim STUCK:coinductive-out-of-fragment [23 checks, 6.7s]  eta ~49m
  [364/847] data/examples/codatatypes/howes-method/howe.bel#ev_det STUCK:step-bound [143 checks, 35.3s]  eta ~49m
  [365/847] data/examples/codatatypes/howes-method/howe.bel#case_cons_sim STUCK:coinductive-out-of-fragment [29 checks, 8.2s]  eta ~49m
  [366/847] data/examples/codatatypes/howes-method/howe.bel#howe_sim STUCK:coinductive-out-of-fragment [4 checks, 1.7s]  eta ~48m
  [367/847] data/examples/codatatypes/howes-method/howe.bel#ev_sim_cons STUCK:coinductive-out-of-fragment [28 checks, 8.4s]  eta ~48m
  [368/847] data/examples/codatatypes/howes-method/howe.bel#howe_ev_cons TIMEOUT [325 checks, 60.1s]  eta ~48m
  [369/847] data/examples/codatatypes/howes-method/howe.bel#howe_osim STUCK:coinductive-out-of-fragment [19 checks, 6.5s]  eta ~48m
  [370/847] data/examples/codatatypes/howes-method/howe.bel#sim_cong_app STUCK:coinductive-out-of-fragment [4 checks, 1.5s]  eta ~48m
  [371/847] data/examples/codatatypes/howes-method/howe.bel#sim_lemma2 STUCK:coinductive-out-of-fragment [1 checks, 0.5s]  eta ~47m
  [372/847] data/examples/codatatypes/howes-method/howe.bel#sim_lemma1 STUCK:coinductive-out-of-fragment [7 checks, 2.3s]  eta ~47m
  [373/847] data/examples/codatatypes/howes-method/howe.bel#sim_two_succ_one STUCK:coinductive-out-of-fragment [1 checks, 0.6s]  eta ~47m
  [374/847] data/examples/codatatypes/tofte-hoas.bel#unfold STUCK:coinductive-out-of-fragment [8 checks, 0.8s]  eta ~47m
  [375/847] data/examples/codatatypes/tofte-hoas.bel#lookup STUCK:coinductive-out-of-fragment [8 checks, 0.7s]  eta ~47m
  [376/847] data/examples/codatatypes/tofte-hoas.bel#eval STUCK:coinductive-out-of-fragment [8 checks, 0.7s]  eta ~46m
  [377/847] data/examples/compile/cls/complete-1.bel#append STUCK:file-errors [1 checks, 0.1s]  eta ~46m
  [378/847] data/examples/compile/cls/complete-1.bel#subcomp STUCK:file-errors [1 checks, 0.1s]  eta ~46m
  [379/847] data/examples/copy/copy-crec.bel#copy COMPLETE [2 checks, 0.2s]  eta ~46m
  [380/847] data/examples/copy/copy-explicit.bel#copy COMPLETE [2 checks, 0.2s]  eta ~46m
  [381/847] data/examples/copy/copy-simple-crec.bel#copy COMPLETE [2 checks, 0.3s]  eta ~45m
  [382/847] data/examples/copy/copy-simple-explicit.bel#copy COMPLETE [2 checks, 0.2s]  eta ~45m
  [383/847] data/examples/copy/copy-simple.bel#copy COMPLETE [2 checks, 0.3s]  eta ~45m
  [384/847] data/examples/copy/copy.bel#copy COMPLETE [2 checks, 0.3s]  eta ~45m
  [385/847] data/examples/copy/copy.bel#mkTm COMPLETE [3 checks, 0.4s]  eta ~44m
  [386/847] data/examples/count-var/cntvar-2.bel#plus COMPLETE [2 checks, 0.3s]  eta ~44m
  [387/847] data/examples/count-var/cntvar-2.bel#cntV COMPLETE [3 checks, 0.4s]  eta ~44m
  [388/847] data/examples/count-var/cntvar-crec.bel#plus COMPLETE [2 checks, 0.3s]  eta ~44m
  [389/847] data/examples/count-var/cntvar-crec.bel#cntV COMPLETE [3 checks, 0.4s]  eta ~44m
  [390/847] data/examples/count-var/cntvar-explicit.bel#plus COMPLETE [2 checks, 0.3s]  eta ~44m
  [391/847] data/examples/count-var/cntvar-explicit.bel#cntV COMPLETE [3 checks, 0.4s]  eta ~43m
  [392/847] data/examples/count-var/cntvar-simple-crec.bel#plus COMPLETE [2 checks, 0.2s]  eta ~43m
  [393/847] data/examples/count-var/cntvar-simple-crec.bel#cntV COMPLETE [4 checks, 0.4s]  eta ~43m
  [394/847] data/examples/count-var/cntvar-simple.bel#plus COMPLETE [2 checks, 0.2s]  eta ~43m
  [395/847] data/examples/count-var/cntvar-simple.bel#cntV COMPLETE [3 checks, 0.4s]  eta ~43m
  [396/847] data/examples/count-var/cntvar-str.bel#plus COMPLETE [2 checks, 0.3s]  eta ~42m
  [397/847] data/examples/count-var/cntvar-str.bel#cntV COMPLETE [3 checks, 0.4s]  eta ~42m
  [398/847] data/examples/count-var/cntvar.bel#count COMPLETE [8 checks, 0.7s]  eta ~42m
  [399/847] data/examples/cpp13/cc.bel#str STUCK:no-move [17 checks, 1.5s]  eta ~42m
  [400/847] data/examples/cpp13/cc.bel#strengthen STUCK:no-move [18 checks, 1.7s]  eta ~42m
  [401/847] data/examples/cpp13/cc.bel#weaken STUCK:no-move [52 checks, 4.2s]  eta ~42m
  [402/847] data/examples/cpp13/cc.bel#extend STUCK:no-move [8 checks, 1.1s]  eta ~41m
  [403/847] data/examples/cpp13/cc.bel#lookup STUCK:no-move [41 checks, 3.2s]  eta ~41m
  [404/847] data/examples/codatatypes/howes-method/howe.bel#down_closed TIMEOUT [260 checks, 60.1s]  eta ~41m
  [405/847] data/examples/cpp13/cc.bel#extendEnv STUCK:no-move [38 checks, 3.2s]  eta ~41m
  [406/847] data/examples/cpp13/cc.bel#reify STUCK:no-move [2 checks, 0.3s]  eta ~41m
  [407/847] data/examples/codatatypes/howes-method/howe.bel#ev1 TIMEOUT [216 checks, 60.1s]  eta ~41m
  [408/847] data/examples/codatatypes/howes-method/howe.bel#howe_cong_app TIMEOUT [214 checks, 60.2s]  eta ~41m
  [409/847] data/examples/cpp13/cc.bel#cc STUCK:no-totality-measure [44 checks, 3.9s]  eta ~41m
  [410/847] data/examples/cpp13/cchoist.bel#str STUCK:no-move [17 checks, 1.7s]  eta ~40m
  [411/847] data/examples/cpp13/cchoist.bel#strengthen STUCK:no-move [18 checks, 2.1s]  eta ~40m
  [412/847] data/examples/cpp13/cchoist.bel#extend STUCK:no-move [8 checks, 1.4s]  eta ~40m
  [413/847] data/examples/cpp13/cc.bel#cc' STUCK:no-totality-measure [107 checks, 9.3s]  eta ~40m
  [414/847] data/examples/cpp13/cchoist.bel#weaken STUCK:no-move [43 checks, 5.1s]  eta ~40m
  [415/847] data/examples/cpp13/cchoist.bel#lookup STUCK:no-move [41 checks, 4.2s]  eta ~40m
  [416/847] data/examples/cpp13/cchoist.bel#reify STUCK:no-move [2 checks, 0.5s]  eta ~39m
  [417/847] data/examples/cpp13/cchoist.bel#extendEnv STUCK:no-move [29 checks, 4.1s]  eta ~39m
  [418/847] data/examples/cpp13/cchoist.bel#append STUCK:no-totality-measure [11 checks, 1.8s]  eta ~39m
  [419/847] data/examples/cpp13/cchoist.bel#append_nil STUCK:search-bound [22 checks, 3.9s]  eta ~39m
  [420/847] data/examples/cpp13/cc.bel#lookupVars TIMEOUT [868 checks, 60s]  eta ~39m
  [421/847] data/examples/cpp13/cchoist.bel#lookupVars STUCK:step-bound [341 checks, 32.5s]  eta ~39m
  [422/847] data/examples/cpp13/cchoist.bel#hoist_cc STUCK:no-totality-measure [28 checks, 4.5s]  eta ~39m
  [423/847] data/examples/cpp13/cchoist.bel#weakenEnv2 STUCK:no-totality-measure [287 checks, 29.6s]  eta ~39m
  [424/847] data/examples/cpp13/cps.bel#cpse STUCK:no-move [29 checks, 1.5s]  eta ~39m
  [425/847] data/examples/cpp13/cchoist.bel#hcc STUCK:no-totality-measure [98 checks, 12.1s]  eta ~38m
  [426/847] data/examples/equal/alg-equal-ctxrel.bel#ref' STUCK:no-move [4 checks, 1.2s]  eta ~38m
  [427/847] data/examples/cut-elim/cut-admit-cover.bel#ca STUCK:no-totality-measure [119 checks, 5.8s]  eta ~38m
  [428/847] data/examples/cpp13/sfcps.bel#cpse STUCK:search-bound [117 checks, 7.4s]  eta ~38m
  [429/847] data/examples/equal/alg-equal-ctxrel.bel#exCRel COMPLETE [14 checks, 2.1s]  eta ~38m
  [430/847] data/examples/equal/alg-equal-ctxrel.bel#exTRelV STUCK:no-move [18 checks, 2.4s]  eta ~38m
  [431/847] data/examples/equal/alg-equal-ctxrel.bel#exTRel COMPLETE [33 checks, 3.6s]  eta ~37m
  [432/847] data/examples/equal/alg-equal-ctxrel.bel#trelImpliesTdCxt COMPLETE [14 checks, 1.9s]  eta ~37m
  [433/847] data/examples/equal/alg-equal-ctxrel.bel#exTRelV' STUCK:no-move [8 checks, 1.3s]  eta ~37m
  [434/847] data/examples/equal/alg-equal-ctxrel.bel#exTRel' COMPLETE [24 checks, 2.8s]  eta ~37m
  [435/847] data/examples/equal/alg-equal-ctxrel.bel#unique STUCK:step-bound [104 checks, 11.9s]  eta ~37m
  [436/847] data/examples/equal/alg-equal-ctxrel.bel#ceq COMPLETE [1 checks, 0.1s]  eta ~37m
  [437/847] data/examples/equal/alg-equal-ctxrel.bel#trans STUCK:step-bound [233 checks, 21.6s]  eta ~37m
  [438/847] data/examples/equal/alg-equal-datatypes-adeq.bel#atrans_s STUCK:no-move [7 checks, 0.8s]  eta ~36m
  [439/847] data/examples/cpp13/cchoist.bel#weakenEnv1 STUCK:no-totality-measure [597 checks, 60.1s]  eta ~36m
  [440/847] data/examples/equal/alg-equal-datatypes-adeq.bel#atrans_c STUCK:no-move [85 checks, 5.9s]  eta ~36m
  [441/847] data/examples/equal/alg-equal-ctxrel.bel#unique' STUCK:step-bound [104 checks, 13.2s]  eta ~36m
  [442/847] data/examples/equal/alg-equal-datatypes-adeq.bel#saeq COMPLETE [3 checks, 0.5s]  eta ~36m
  [443/847] data/examples/equal/alg-equal-datatypes.bel#ref STUCK:step-bound [266 checks, 13s]  eta ~36m
  [444/847] data/examples/equal/alg-equal-datatypes.bel#trans COMPLETE [203 checks, 10.3s]  eta ~36m
  [445/847] data/examples/equal/alg-equal-datatypes.bel#trans' COMPLETE [3 checks, 0.4s]  eta ~36m
  [446/847] data/examples/equal/alg-equal-datatypes-adeq.bel#aeq_str STUCK:step-bound [947 checks, 55.9s]  eta ~36m
  [447/847] data/examples/equal/eq-proof-1.bel#ref STUCK:no-move [97 checks, 4.3s]  eta ~36m
  [448/847] data/examples/equal/alg-equal-datatypes-adeq.bel#caeq STUCK:no-totality-measure [942 checks, 60s]  eta ~36m
  [449/847] data/examples/equal/alg-equal-datatypes-adeq.bel#aeq_wk TIMEOUT [932 checks, 60s]  eta ~36m
  [450/847] data/examples/equal/eq-proof-1.bel#ceq STUCK:no-move [25 checks, 1.6s]  eta ~35m
  [451/847] data/examples/equal/eq-proof-2.bel#ref COMPLETE [25 checks, 1.7s]  eta ~35m
  [452/847] data/examples/equal/eq-proof-2.bel#ceq STUCK:no-move [15 checks, 1.1s]  eta ~35m
  [453/847] data/examples/equal/eq-proof-2.bel#ceq_main COMPLETE [3 checks, 0.5s]  eta ~35m
  [454/847] data/examples/equal/eq-proof-crec.bel#ref COMPLETE [25 checks, 1.5s]  eta ~35m
  [455/847] data/examples/equal/eq-proof-2.bel#trans COMPLETE [187 checks, 9.1s]  eta ~35m
  [456/847] data/examples/equal/eq-proof-crec.bel#ceq STUCK:no-move [15 checks, 1.2s]  eta ~35m
  [457/847] data/examples/equal/eq-proof-crec.bel#ceq_main COMPLETE [3 checks, 0.5s]  eta ~34m
  [458/847] data/examples/equal/eq-proof-full-crec.bel#ref COMPLETE [25 checks, 1.6s]  eta ~34m
  [459/847] data/examples/equal/eq-proof-crec.bel#trans COMPLETE [187 checks, 9.4s]  eta ~34m
  [460/847] data/examples/equal/eq-proof-full-crec.bel#ceq STUCK:no-move [25 checks, 1.7s]  eta ~34m
  [461/847] data/examples/equal/eq-proof-full-crec.bel#ceq_main COMPLETE [3 checks, 0.5s]  eta ~34m
  [462/847] data/examples/equal/eq-proof-tuple.bel#eqfun COMPLETE [25 checks, 1.6s]  eta ~34m
  [463/847] data/examples/equal/eq-proof-full-crec.bel#trans COMPLETE [187 checks, 9.5s]  eta ~34m
  [464/847] data/examples/equal/eq-proof.bel#ref COMPLETE [25 checks, 1.5s]  eta ~33m
  [465/847] data/examples/equal/alg-equal-datatypes.bel#ceq TIMEOUT [1052 checks, 60s]  eta ~33m
  [466/847] data/examples/fol/fol-handbook.bel#trivial_imp COMPLETE [3 checks, 0.5s]  eta ~33m
  [467/847] data/examples/fol/fol-handbook.bel#ded STUCK:no-move [21 checks, 1.4s]  eta ~33m
  [468/847] data/examples/equal/eq-proof-tuple.bel#trans COMPLETE [266 checks, 12.5s]  eta ~33m
  [469/847] data/examples/fol/fol-handbook.bel#ndhil STUCK:no-move [22 checks, 1.6s]  eta ~33m
  [470/847] data/examples/free-vars/fvnat-crec.bel#free_var COMPLETE [3 checks, 0.3s]  eta ~33m
  [471/847] data/examples/fol/fol-handbook.bel#ndhil_main COMPLETE [9 checks, 1.1s]  eta ~32m
  [472/847] data/examples/free-vars/fvnat-explicit.bel#free_var COMPLETE [3 checks, 0.4s]  eta ~32m
  [473/847] data/examples/free-vars/fvnat.bel#free_var COMPLETE [3 checks, 0.4s]  eta ~32m
  [474/847] data/examples/freshML/cconv-cheney.bel#cconv COMPLETE [2 checks, 0.2s]  eta ~32m
  [475/847] data/examples/freshML/cconv-cheney.bel#cconv_main COMPLETE [3 checks, 0.4s]  eta ~32m
  [476/847] data/examples/equal/eq-proof.bel#trans COMPLETE [187 checks, 9.6s]  eta ~32m
  [477/847] data/examples/freshML/conv-untyped.bel#conv STUCK:no-totality-measure [10 checks, 0.8s]  eta ~32m
  [478/847] data/examples/freshML/cps-popl-tutorial2-crec.bel#cps STUCK:no-move [9 checks, 0.7s]  eta ~31m
  [479/847] data/examples/freshML/cps-popl-tutorial1.bel#cps STUCK:no-move [10 checks, 0.8s]  eta ~31m
  [480/847] data/examples/freshML/cps-crec.bel#cmp COMPLETE [28 checks, 1.6s]  eta ~31m
  [481/847] data/examples/freshML/cps-popl-tutorial2-crec.bel#eval COMPLETE [5 checks, 0.4s]  eta ~31m
  [482/847] data/examples/freshML/cps-popl-tutorial2.bel#cps STUCK:no-move [9 checks, 0.6s]  eta ~31m
  [483/847] data/examples/freshML/debruijn-1.bel#var COMPLETE [3 checks, 0.3s]  eta ~31m
  [484/847] data/examples/freshML/cps.bel#cmp COMPLETE [5 checks, 0.4s]  eta ~31m
  [485/847] data/examples/freshML/debruijn-1.bel#vhoas2db COMPLETE [3 checks, 0.4s]  eta ~30m
  [486/847] data/examples/freshML/debruijn-1a.bel#vhoas2db COMPLETE [3 checks, 0.4s]  eta ~30m
  [487/847] data/examples/freshML/debruijn-1.bel#tohoas COMPLETE [9 checks, 0.8s]  eta ~30m
  [488/847] data/examples/freshML/debruijn-1a.bel#todbruijn COMPLETE [3 checks, 0.4s]  eta ~30m
  [489/847] data/examples/freshML/debruijn-uniform.bel#vhoas2db COMPLETE [3 checks, 0.3s]  eta ~30m
  [490/847] data/examples/freshML/debruijn.bel#vhoas2db COMPLETE [3 checks, 0.3s]  eta ~30m
  [491/847] data/examples/freshML/debruijn-uniform.bel#hoas2db COMPLETE [3 checks, 0.3s]  eta ~30m
  [492/847] data/examples/freshML/debruijn-1.bel#db2vhoas STUCK:no-totality-measure [30 checks, 2.1s]  eta ~29m
  [493/847] data/examples/freshML/term.bel#add COMPLETE [2 checks, 0.2s]  eta ~29m
  [494/847] data/examples/freshML/debruijn.bel#hoas2db COMPLETE [3 checks, 0.3s]  eta ~29m
  [495/847] data/examples/freshML/term.bel#size COMPLETE [3 checks, 0.3s]  eta ~29m
  [496/847] data/examples/freshML/ucconv-total.bel#append COMPLETE [2 checks, 0.3s]  eta ~29m
  [497/847] data/examples/freshML/ucconv-total.bel#remove COMPLETE [5 checks, 0.6s]  eta ~29m
  [498/847] data/examples/freshML/ucconv-total.bel#fvar COMPLETE [4 checks, 0.5s]  eta ~29m
  [499/847] data/examples/freshML/ucconv-total.bel#makeproj' COMPLETE [3 checks, 0.4s]  eta ~28m
  [500/847] data/examples/freshML/ucconv-total.bel#makeproj COMPLETE [3 checks, 0.4s]  eta ~28m
  [501/847] data/examples/freshML/ucconv-total.bel#e_map COMPLETE [3 checks, 0.4s]  eta ~28m
  [502/847] data/examples/freshML/ucconv-total.bel#b_map COMPLETE [4 checks, 0.5s]  eta ~28m
  [503/847] data/examples/freshML/ucconv-total.bel#b_env COMPLETE [3 checks, 0.4s]  eta ~28m
  [504/847] data/examples/freshML/ucconv-total.bel#convert COMPLETE [3 checks, 0.4s]  eta ~28m
  [505/847] data/examples/improve/eta.bel#test COMPLETE [2 checks, 0.2s]  eta ~28m
  [506/847] data/examples/improve/recon.bel#copy COMPLETE [2 checks, 0.2s]  eta ~27m
  [507/847] data/examples/higher-order/jpath.bel#fwd STUCK:no-totality-measure [12 checks, 1s]  eta ~27m
  [508/847] data/examples/higher-order/jpath.bel#bwd STUCK:no-move [12 checks, 1.1s]  eta ~27m
  [509/847] data/examples/literate_beluga/0Beginner/Close_Terms.bel#close1 STUCK:no-totality-measure [31 checks, 1.6s]  eta ~27m
  [510/847] data/examples/literate_beluga/0Beginner/From_HOAS_to_DeBruijn.bel#db STUCK:no-totality-measure [33 checks, 1.9s]  eta ~27m
  [511/847] data/examples/literate_beluga/0Beginner/Close_Terms.bel#close STUCK:no-totality-measure [108 checks, 4.9s]  eta ~27m
  [512/847] data/examples/literate_beluga/0Beginner/Norm.bel#norm COMPLETE [2 checks, 0.1s]  eta ~27m
  [513/847] data/examples/literate_beluga/0Beginner/From_HOAS_to_DeBruijn.bel#translate STUCK:search-bound [22 checks, 1.5s]  eta ~27m
  [514/847] data/examples/literate_beluga/0Beginner/Close_Terms.bel#close' STUCK:no-totality-measure [134 checks, 6.2s]  eta ~26m
  [515/847] data/examples/literate_beluga/0Beginner/Polymorphic_Algorithmic_Equality.bel#reftp COMPLETE [28 checks, 2.4s]  eta ~26m
  [516/847] data/examples/equal/eq-proof-1.bel#trans STUCK:step-bound [1178 checks, 59.3s]  eta ~26m
  [517/847] data/examples/literate_beluga/0Beginner/Parallel_Reduction.bel#tps STUCK:no-totality-measure [229 checks, 9.9s]  eta ~26m
  [518/847] data/examples/literate_beluga/0Beginner/Parallel_Reduction.bel#subst STUCK:no-totality-measure [243 checks, 11.1s]  eta ~26m
  [519/847] data/examples/literate_beluga/0Beginner/Polymorphic_Algorithmic_Equality.bel#ref STUCK:no-totality-measure [108 checks, 8.4s]  eta ~26m
  [520/847] data/examples/literate_beluga/0Beginner/Polymorphic_Algorithmic_Equality.bel#symtp COMPLETE [52 checks, 4.3s]  eta ~26m
  [521/847] data/examples/literate_beluga/0Beginner/Polymorphic_Algorithmic_Equality.bel#ctp STUCK:no-totality-measure [15 checks, 1.7s]  eta ~26m
  [522/847] data/examples/literate_beluga/0Beginner/Polymorphic_Algorithmic_Equality.bel#sym COMPLETE [74 checks, 6.3s]  eta ~26m
  [523/847] data/examples/literate_beluga/0Beginner/Polymorphic_Algorithmic_Equality.bel#ceq STUCK:no-totality-measure [15 checks, 1.8s]  eta ~26m
  [524/847] data/examples/literate_beluga/0Beginner/Untyped_Algorithmic_Equality_-_Context_Relation.bel#ctx_membership STUCK:no-move [11 checks, 1.5s]  eta ~25m
  [525/847] data/examples/literate_beluga/0Beginner/Polymorphic_Algorithmic_Equality.bel#transtp COMPLETE [211 checks, 14.6s]  eta ~25m
  [526/847] data/examples/literate_beluga/0Beginner/Type_Uniqueness.bel#unique COMPLETE [220 checks, 9.8s]  eta ~25m
  [527/847] data/examples/literate_beluga/0Beginner/Untyped_Algorithmic_Equality_-_Context_Relation.bel#ctx_member STUCK:no-move [53 checks, 5.4s]  eta ~25m
  [528/847] data/examples/literate_beluga/0Beginner/Untyped_Algorithmic_Equality_-_Context_Relation.bel#reflR STUCK:no-totality-measure [168 checks, 15.5s]  eta ~25m
  [529/847] data/examples/literate_beluga/0Beginner/Untyped_Algorithmic_Equality_-_Context_Relation.bel#refl STUCK:no-totality-measure [248 checks, 24.8s]  eta ~25m
  [530/847] data/examples/literate_beluga/0Beginner/Untyped_Algorithmic_Equality_-_Context_Relation.bel#existsEqV' STUCK:no-move [10 checks, 1.9s]  eta ~25m
  [531/847] data/examples/literate_beluga/0Beginner/Untyped_Algorithmic_Equality_-_Context_Relation.bel#existsEq' STUCK:no-totality-measure [30 checks, 4.3s]  eta ~25m
  [532/847] data/examples/literate_beluga/0Beginner/Untyped_Algorithmic_Equality_-_Context_Relation.bel#existsEqV STUCK:no-move [12 checks, 2.1s]  eta ~25m
  [533/847] data/examples/literate_beluga/0Beginner/Untyped_Algorithmic_Equality_-_Context_Relation.bel#transV STUCK:step-bound [324 checks, 29.4s]  eta ~25m
  [534/847] data/examples/literate_beluga/0Beginner/Untyped_Algorithmic_Equality_-_Context_Relation.bel#existsEq STUCK:no-totality-measure [34 checks, 4.9s]  eta ~25m
  [535/847] data/examples/literate_beluga/0Beginner/Polymorphic_Algorithmic_Equality.bel#trans STUCK:no-totality-measure [830 checks, 60s]  eta ~25m
  [536/847] data/examples/literate_beluga/0Beginner/Untyped_Algorithmic_Equality_-_Context_Relation.bel#det_eqV STUCK:step-bound [70 checks, 12.7s]  eta ~24m
  [537/847] data/examples/literate_beluga/0Beginner/Untyped_Algorithmic_Equality_-_Context_Relation.bel#det_eq STUCK:step-bound [71 checks, 12.9s]  eta ~24m
  [538/847] data/examples/literate_beluga/0Beginner/Untyped_Algorithmic_Equality_-_Context_Relation.bel#det_eqV' STUCK:step-bound [70 checks, 12.9s]  eta ~24m
  [539/847] data/examples/literate_beluga/0Beginner/Untyped_Algorithmic_Equality_-_Context_Subsumption.bel#reflG COMPLETE [28 checks, 1.9s]  eta ~24m
  [540/847] data/examples/literate_beluga/0Beginner/Untyped_Algorithmic_Equality_-_Context_Relation.bel#det_eq' STUCK:step-bound [71 checks, 13.3s]  eta ~24m
  [541/847] data/examples/literate_beluga/0Beginner/Untyped_Algorithmic_Equality_-_Context_Subsumption.bel#symG COMPLETE [61 checks, 3.6s]  eta ~24m
  [542/847] data/examples/literate_beluga/0Beginner/Untyped_Algorithmic_Equality_-_Context_Subsumption.bel#ceq STUCK:no-totality-measure [15 checks, 1.3s]  eta ~24m
  [543/847] data/examples/literate_beluga/0Beginner/Untyped_Algorithmic_Equality_-_Context_Subsumption.bel#transG COMPLETE [237 checks, 12.8s]  eta ~24m
  [544/847] data/examples/literate_beluga/0Beginner/Untyped_Algorithmic_Equality_-_Context_Relation.bel#transR TIMEOUT [625 checks, 60.1s]  eta ~24m
  [545/847] data/examples/literate_beluga/1Intermediate/Poplmark.bel#trans STUCK:no-totality-measure [134 checks, 9s]  eta ~24m
  [546/847] data/examples/literate_beluga/1Intermediate/Poplmark.bel#sound STUCK:no-totality-measure [85 checks, 7.2s]  eta ~24m
  [547/847] data/examples/literate_beluga/2Advanced/Normalization_by_Evaluation.bel#sem_wkn STUCK:no-move [21 checks, 1.6s]  eta ~23m
  [548/847] data/examples/literate_beluga/2Advanced/Normalization_by_Evaluation.bel#env_ext STUCK:no-move [23 checks, 1.8s]  eta ~23m
  [549/847] data/examples/literate_beluga/2Advanced/Normalization_by_Evaluation.bel#env_wkn STUCK:no-move [4 checks, 0.6s]  eta ~23m
  [550/847] data/examples/literate_beluga/2Advanced/Normalization_by_Evaluation.bel#eval STUCK:no-totality-measure [34 checks, 2.4s]  eta ~23m
  [551/847] data/examples/literate_beluga/2Advanced/Normalization_by_Evaluation.bel#app' STUCK:no-totality-measure [67 checks, 4.8s]  eta ~23m
  [552/847] data/examples/literate_beluga/2Advanced/Normalization_by_Evaluation.bel#reflect STUCK:no-totality-measure [11 checks, 1.1s]  eta ~23m
  [553/847] data/examples/literate_beluga/2Advanced/Normalization_by_Evaluation.bel#emp_env STUCK:no-move [6 checks, 0.8s]  eta ~23m
  [554/847] data/examples/literate_beluga/1Intermediate/Poplmark.bel#complete STUCK:no-totality-measure [192 checks, 20.3s]  eta ~23m
  [555/847] data/examples/literate_beluga/2Advanced/Weak_Normalization.bel#halts_step COMPLETE [25 checks, 2.3s]  eta ~23m
  [556/847] data/examples/literate_beluga/2Advanced/Weak_Normalization.bel#bwd_closed STUCK:no-totality-measure [25 checks, 2.2s]  eta ~23m
  [557/847] data/examples/literate_beluga/0Beginner/Untyped_Algorithmic_Equality_-_Context_Relation.bel#ceq STUCK:no-totality-measure [508 checks, 60.2s]  eta ~22m
  [558/847] data/examples/literate_beluga/2Advanced/Weak_Normalization.bel#reduce_halts COMPLETE [5 checks, 1s]  eta ~22m
  [559/847] data/examples/literate_beluga/2Advanced/Weak_Normalization.bel#lookup STUCK:no-move [8 checks, 1.3s]  eta ~22m
  [560/847] data/examples/literate_beluga/2Advanced/Weak_Normalization.bel#weakNorm STUCK:no-totality-measure [27 checks, 2.4s]  eta ~22m
  [561/847] data/examples/logrel/algeq-simplified.bel#logEq_Monotone STUCK:no-move [47 checks, 6s]  eta ~22m
  [562/847] data/examples/logrel/algeq-simplified.bel#reflect STUCK:no-move [25 checks, 3.4s]  eta ~22m
  [563/847] data/examples/literate_beluga/2Advanced/Normalization_by_Evaluation.bel#nbe STUCK:no-totality-measure [318 checks, 25.2s]  eta ~22m
  [564/847] data/examples/literate_beluga/1Intermediate/Poplmark.bel#refl STUCK:no-totality-measure [23 checks, 62.1s]  eta ~22m
  [565/847] data/examples/logrel/algeq-simplified.bel#mstep_trans COMPLETE [41 checks, 6.5s]  eta ~22m
  [566/847] data/examples/literate_beluga/2Advanced/Weak_Normalization.bel#main STUCK:no-totality-measure [285 checks, 21.7s]  eta ~22m
  [567/847] data/examples/logrel/algeq-simplified.bel#algeqNeuSym COMPLETE [29 checks, 4.5s]  eta ~21m
  [568/847] data/examples/logrel/algeq-simplified.bel#logEqSym STUCK:step-bound [212 checks, 22.8s]  eta ~22m
  [569/847] data/examples/logrel/algeq-simplified.bel#algeqNeuUnique COMPLETE [86 checks, 8.6s]  eta ~22m
  [570/847] data/examples/logrel/algeq-simplified.bel#determinacy COMPLETE [73 checks, 8s]  eta ~21m
  [571/847] data/examples/logrel/algeq-simplified.bel#mstep_app STUCK:step-bound [617 checks, 57.5s]  eta ~21m
  [572/847] data/examples/logrel/algeq-simplified.bel#trans1' TIMEOUT [640 checks, 60s]  eta ~21m
  [573/847] data/examples/logrel/algeq-simplified.bel#closed TIMEOUT [665 checks, 60s]  eta ~21m
  [574/847] data/examples/logrel/algeq-simplified.bel#neutral_doesnt_step COMPLETE [32 checks, 4.6s]  eta ~21m
  [575/847] data/examples/logrel/algeq-simplified.bel#confluence TIMEOUT [627 checks, 60.1s]  eta ~21m
